Component: ARM Compiler 5.06 update 6 (build 750) Tool: armlink [4d35ed]

==============================================================================

Section Cross References

    startup_stm32f405xx.o(STACK) refers (Special) to heapauxi.o(.text) for __use_two_region_memory
    startup_stm32f405xx.o(HEAP) refers (Special) to heapauxi.o(.text) for __use_two_region_memory
    startup_stm32f405xx.o(RESET) refers (Special) to heapauxi.o(.text) for __use_two_region_memory
    startup_stm32f405xx.o(RESET) refers to startup_stm32f405xx.o(STACK) for __initial_sp
    startup_stm32f405xx.o(RESET) refers to startup_stm32f405xx.o(.text) for Reset_Handler
    startup_stm32f405xx.o(RESET) refers to stm32f4xx_it.o(i.NMI_Handler) for NMI_Handler
    startup_stm32f405xx.o(RESET) refers to stm32f4xx_it.o(i.HardFault_Handler) for HardFault_Handler
    startup_stm32f405xx.o(RESET) refers to stm32f4xx_it.o(i.MemManage_Handler) for MemManage_Handler
    startup_stm32f405xx.o(RESET) refers to stm32f4xx_it.o(i.BusFault_Handler) for BusFault_Handler
    startup_stm32f405xx.o(RESET) refers to stm32f4xx_it.o(i.UsageFault_Handler) for UsageFault_Handler
    startup_stm32f405xx.o(RESET) refers to stm32f4xx_it.o(i.SVC_Handler) for SVC_Handler
    startup_stm32f405xx.o(RESET) refers to stm32f4xx_it.o(i.DebugMon_Handler) for DebugMon_Handler
    startup_stm32f405xx.o(RESET) refers to stm32f4xx_it.o(i.PendSV_Handler) for PendSV_Handler
    startup_stm32f405xx.o(RESET) refers to stm32f4xx_it.o(i.SysTick_Handler) for SysTick_Handler
    startup_stm32f405xx.o(RESET) refers to stm32f4xx_it.o(i.I2C1_EV_IRQHandler) for I2C1_EV_IRQHandler
    startup_stm32f405xx.o(RESET) refers to stm32f4xx_it.o(i.I2C1_ER_IRQHandler) for I2C1_ER_IRQHandler
    startup_stm32f405xx.o(RESET) refers to stm32f4xx_it.o(i.SPI1_IRQHandler) for SPI1_IRQHandler
    startup_stm32f405xx.o(RESET) refers to stm32f4xx_it.o(i.DMA2_Stream0_IRQHandler) for DMA2_Stream0_IRQHandler
    startup_stm32f405xx.o(RESET) refers to stm32f4xx_it.o(i.DMA2_Stream3_IRQHandler) for DMA2_Stream3_IRQHandler
    startup_stm32f405xx.o(.text) refers (Special) to heapauxi.o(.text) for __use_two_region_memory
    startup_stm32f405xx.o(.text) refers to system_stm32f4xx.o(i.SystemInit) for SystemInit
    startup_stm32f405xx.o(.text) refers to __main.o(!!!main) for __main
    startup_stm32f405xx.o(.text) refers to startup_stm32f405xx.o(HEAP) for Heap_Mem
    startup_stm32f405xx.o(.text) refers to startup_stm32f405xx.o(STACK) for Stack_Mem
    lowpassfilter.o(i.DigitalBiquadFilter_compute_params) refers to tanf.o(i.__hardfp_tanf) for __hardfp_tanf
    lowpassfilter.o(i.DigitalBiquadFilter_compute_params) refers to cosf.o(i.__hardfp_cosf) for __hardfp_cosf
    lowpassfilter.o(i.LowPassFilter2pFloat_apply) refers to lowpassfilter.o(i.DigitalBiquadFilter_apply) for DigitalBiquadFilter_apply
    lowpassfilter.o(i.LowPassFilter2pFloat_init) refers to lowpassfilter.o(i.DigitalBiquadFilter_compute_params) for DigitalBiquadFilter_compute_params
    lowpassfilter.o(i.LowPassFilter2pFloat_set_cutoff_frequency) refers to lowpassfilter.o(i.DigitalBiquadFilter_compute_params) for DigitalBiquadFilter_compute_params
    matrix3.o(i.Matrix3f_add) refers to vector3.o(i.Vector3f_add) for Vector3f_add
    matrix3.o(i.Matrix3f_add) refers to rt_memcpy_w.o(.text) for __aeabi_memcpy4
    matrix3.o(i.Matrix3f_col_x) refers to vector3.o(i.Vector3f_create) for Vector3f_create
    matrix3.o(i.Matrix3f_col_y) refers to vector3.o(i.Vector3f_create) for Vector3f_create
    matrix3.o(i.Matrix3f_col_z) refers to vector3.o(i.Vector3f_create) for Vector3f_create
    matrix3.o(i.Matrix3f_create) refers to rt_memcpy_w.o(.text) for __aeabi_memcpy4
    matrix3.o(i.Matrix3f_create_from_elements) refers to vector3.o(i.Vector3f_create) for Vector3f_create
    matrix3.o(i.Matrix3f_create_from_elements) refers to rt_memcpy_w.o(.text) for __aeabi_memcpy4
    matrix3.o(i.Matrix3f_equals) refers to vector3.o(i.Vector3f_equals) for Vector3f_equals
    matrix3.o(i.Matrix3f_from_axis_angle) refers to cosf.o(i.__hardfp_cosf) for __hardfp_cosf
    matrix3.o(i.Matrix3f_from_axis_angle) refers to sinf.o(i.__hardfp_sinf) for __hardfp_sinf
    matrix3.o(i.Matrix3f_from_axis_angle) refers to vector3.o(i.Vector3f_normalized) for Vector3f_normalized
    matrix3.o(i.Matrix3f_from_euler) refers to cosf.o(i.__hardfp_cosf) for __hardfp_cosf
    matrix3.o(i.Matrix3f_from_euler) refers to sinf.o(i.__hardfp_sinf) for __hardfp_sinf
    matrix3.o(i.Matrix3f_from_rotation) refers to matrix3.o(i.Matrix3f_identity) for Matrix3f_identity
    matrix3.o(i.Matrix3f_from_rotation) refers to vector3.o(i.Vector3f_rotate) for Vector3f_rotate
    matrix3.o(i.Matrix3f_from_rotation) refers to matrix3.o(i.Matrix3f_transpose_inplace) for Matrix3f_transpose_inplace
    matrix3.o(i.Matrix3f_identity) refers to matrix3.o(i.Matrix3f_zero) for Matrix3f_zero
    matrix3.o(i.Matrix3f_inverse) refers to matrix3.o(i.Matrix3f_det) for Matrix3f_det
[...]
    i.HAL_RCC_GetSysClockFreq                0x08002648   Section        0  stm32f4xx_hal_rcc.o(i.HAL_RCC_GetSysClockFreq)
    i.HAL_RCC_OscConfig                      0x080026ac   Section        0  stm32f4xx_hal_rcc.o(i.HAL_RCC_OscConfig)
    i.HAL_SPI_ErrorCallback                  0x08002a18   Section        0  stm32f4xx_hal_spi.o(i.HAL_SPI_ErrorCallback)
    i.HAL_SPI_IRQHandler                     0x08002a1c   Section        0  stm32f4xx_hal_spi.o(i.HAL_SPI_IRQHandler)
    i.HAL_SPI_Init                           0x08002b18   Section        0  stm32f4xx_hal_spi.o(i.HAL_SPI_Init)
    i.HAL_SPI_MspInit                        0x08002bd4   Section        0  stm32f4xx_hal_msp.o(i.HAL_SPI_MspInit)
    i.HAL_SPI_RxCpltCallback                 0x08002cbc   Section        0  stm32f4xx_hal_spi.o(i.HAL_SPI_RxCpltCallback)
    i.HAL_SPI_RxHalfCpltCallback             0x08002cbe   Section        0  stm32f4xx_hal_spi.o(i.HAL_SPI_RxHalfCpltCallback)
    i.HAL_SPI_Transmit                       0x08002cc0   Section        0  stm32f4xx_hal_spi.o(i.HAL_SPI_Transmit)
    i.HAL_SPI_TransmitReceive                0x08002e26   Section        0  stm32f4xx_hal_spi.o(i.HAL_SPI_TransmitReceive)
    i.HAL_SPI_TransmitReceive_DMA            0x08003018   Section        0  stm32f4xx_hal_spi.o(i.HAL_SPI_TransmitReceive_DMA)
    i.HAL_SPI_TxRxCpltCallback               0x08003128   Section        0  main.o(i.HAL_SPI_TxRxCpltCallback)
    i.HAL_SPI_TxRxHalfCpltCallback           0x08003158   Section        0  stm32f4xx_hal_spi.o(i.HAL_SPI_TxRxHalfCpltCallback)
    i.HAL_SYSTICK_Config                     0x0800315a   Section        0  stm32f4xx_hal_cortex.o(i.HAL_SYSTICK_Config)
    i.HAL_TIMEx_MasterConfigSynchronization  0x08003184   Section        0  stm32f4xx_hal_tim_ex.o(i.HAL_TIMEx_MasterConfigSynchronization)
    i.HAL_TIM_Base_Init                      0x08003214   Section        0  stm32f4xx_hal_tim.o(i.HAL_TIM_Base_Init)
    i.HAL_TIM_Base_MspInit                   0x08003270   Section        0  stm32f4xx_hal_msp.o(i.HAL_TIM_Base_MspInit)
    i.HAL_TIM_Base_Start                     0x08003298   Section        0  stm32f4xx_hal_tim.o(i.HAL_TIM_Base_Start)
    i.HAL_TIM_ConfigClockSource              0x08003310   Section        0  stm32f4xx_hal_tim.o(i.HAL_TIM_ConfigClockSource)
    i.HardFault_Handler                      0x080033ec   Section        0  stm32f4xx_it.o(i.HardFault_Handler)
    i.I2C1_ER_IRQHandler                     0x080033f0   Section        0  stm32f4xx_it.o(i.I2C1_ER_IRQHandler)
    i.I2C1_EV_IRQHandler                     0x080033fc   Section        0  stm32f4xx_it.o(i.I2C1_EV_IRQHandler)
    i.I2C_DMAAbort                           0x08003408   Section        0  stm32f4xx_hal_i2c.o(i.I2C_DMAAbort)
    I2C_DMAAbort                             0x08003409   Thumb Code   182  stm32f4xx_hal_i2c.o(i.I2C_DMAAbort)
    i.I2C_Flush_DR                           0x080034c4   Section        0  stm32f4xx_hal_i2c.o(i.I2C_Flush_DR)
    I2C_Flush_DR                             0x080034c5   Thumb Code    16  stm32f4xx_hal_i2c.o(i.I2C_Flush_DR)
    i.I2C_ITError                            0x080034d4   Section        0  stm32f4xx_hal_i2c.o(i.I2C_ITError)
    I2C_ITError                              0x080034d5   Thumb Code   336  stm32f4xx_hal_i2c.o(i.I2C_ITError)
    i.I2C_IsAcknowledgeFailed                0x0800362c   Section        0  stm32f4xx_hal_i2c.o(i.I2C_IsAcknowledgeFailed)
    I2C_IsAcknowledgeFailed                  0x0800362d   Thumb Code    46  stm32f4xx_hal_i2c.o(i.I2C_IsAcknowledgeFailed)
    i.I2C_MasterReceive_BTF                  0x0800365a   Section        0  stm32f4xx_hal_i2c.o(i.I2C_MasterReceive_BTF)
    I2C_MasterReceive_BTF                    0x0800365b   Thumb Code   218  stm32f4xx_hal_i2c.o(i.I2C_MasterReceive_BTF)
    i.I2C_MasterReceive_RXNE                 0x08003734   Section        0  stm32f4xx_hal_i2c.o(i.I2C_MasterReceive_RXNE)
    I2C_MasterReceive_RXNE                   0x08003735   Thumb Code   238  stm32f4xx_hal_i2c.o(i.I2C_MasterReceive_RXNE)
    i.I2C_MasterTransmit_BTF                 0x08003828   Section        0  stm32f4xx_hal_i2c.o(i.I2C_MasterTransmit_BTF)
    I2C_MasterTransmit_BTF                   0x08003829   Thumb Code   130  stm32f4xx_hal_i2c.o(i.I2C_MasterTransmit_BTF)
    i.I2C_MasterTransmit_TXE                 0x080038ac   Section        0  stm32f4xx_hal_i2c.o(i.I2C_MasterTransmit_TXE)
    I2C_MasterTransmit_TXE                   0x080038ad   Thumb Code   182  stm32f4xx_hal_i2c.o(i.I2C_MasterTransmit_TXE)
    i.I2C_Master_ADDR                        0x08003964   Section        0  stm32f4xx_hal_i2c.o(i.I2C_Master_ADDR)
    I2C_Master_ADDR                          0x08003965   Thumb Code   276  stm32f4xx_hal_i2c.o(i.I2C_Master_ADDR)
    i.I2C_Master_SB                          0x08003a7c   Section        0  stm32f4xx_hal_i2c.o(i.I2C_Master_SB)
    I2C_Master_SB                            0x08003a7d   Thumb Code   140  stm32f4xx_hal_i2c.o(i.I2C_Master_SB)
    i.I2C_MemoryTransmit_TXE_BTF             0x08003b08   Section        0  stm32f4xx_hal_i2c.o(i.I2C_MemoryTransmit_TXE_BTF)
    I2C_MemoryTransmit_TXE_BTF               0x08003b09   Thumb Code   168  stm32f4xx_hal_i2c.o(i.I2C_MemoryTransmit_TXE_BTF)
    i.I2C_RequestMemoryRead                  0x08003bb0   Section        0  stm32f4xx_hal_i2c.o(i.I2C_RequestMemoryRead)
    I2C_RequestMemoryRead                    0x08003bb1   Thumb Code   246  stm32f4xx_hal_i2c.o(i.I2C_RequestMemoryRead)
    i.I2C_RequestMemoryWrite                 0x08003cac   Section        0  stm32f4xx_hal_i2c.o(i.I2C_RequestMemoryWrite)
    I2C_RequestMemoryWrite                   0x08003cad   Thumb Code   162  stm32f4xx_hal_i2c.o(i.I2C_RequestMemoryWrite)
    i.I2C_Slave_ADDR                         0x08003d54   Section        0  stm32f4xx_hal_i2c.o(i.I2C_Slave_ADDR)
    I2C_Slave_ADDR                           0x08003d55   Thumb Code    70  stm32f4xx_hal_i2c.o(i.I2C_Slave_ADDR)
    i.I2C_Slave_AF                           0x08003d9c   Section        0  stm32f4xx_hal_i2c.o(i.I2C_Slave_AF)
    I2C_Slave_AF                             0x08003d9d   Thumb Code   138  stm32f4xx_hal_i2c.o(i.I2C_Slave_AF)
    i.I2C_Slave_STOPF                        0x08003e2c   Section        0  stm32f4xx_hal_i2c.o(i.I2C_Slave_STOPF)
    I2C_Slave_STOPF                          0x08003e2d   Thumb Code   338  stm32f4xx_hal_i2c.o(i.I2C_Slave_STOPF)
    i.I2C_WaitOnBTFFlagUntilTimeout          0x08003f88   Section        0  stm32f4xx_hal_i2c.o(i.I2C_WaitOnBTFFlagUntilTimeout)
    I2C_WaitOnBTFFlagUntilTimeout            0x08003f89   Thumb Code    86  stm32f4xx_hal_i2c.o(i.I2C_WaitOnBTFFlagUntilTimeout)
    i.I2C_WaitOnFlagUntilTimeout             0x08003fe0   Section        0  stm32f4xx_hal_i2c.o(i.I2C_WaitOnFlagUntilTimeout)
    I2C_WaitOnFlagUntilTimeout               0x08003fe1   Thumb Code   144  stm32f4xx_hal_i2c.o(i.I2C_WaitOnFlagUntilTimeout)
    i.I2C_WaitOnMasterAddressFlagUntilTimeout 0x08004070   Section        0  stm32f4xx_hal_i2c.o(i.I2C_WaitOnMasterAddressFlagUntilTimeout)
    I2C_WaitOnMasterAddressFlagUntilTimeout  0x08004071   Thumb Code   188  stm32f4xx_hal_i2c.o(i.I2C_WaitOnMasterAddressFlagUntilTimeout)
    i.I2C_WaitOnRXNEFlagUntilTimeout         0x0800412c   Section        0  stm32f4xx_hal_i2c.o(i.I2C_WaitOnRXNEFlagUntilTimeout)
    I2C_WaitOnRXNEFlagUntilTimeout           0x0800412d   Thumb Code   112  stm32f4xx_hal_i2c.o(i.I2C_WaitOnRXNEFlagUntilTimeout)
    i.I2C_WaitOnTXEFlagUntilTimeout          0x0800419c   Section        0  stm32f4xx_hal_i2c.o(i.I2C_WaitOnTXEFlagUntilTimeout)
    I2C_WaitOnTXEFlagUntilTimeout            0x0800419d   Thumb Code    86  stm32f4xx_hal_i2c.o(i.I2C_WaitOnTXEFlagUntilTimeout)
    i.InnovationCheck                        0x080041f4   Section        0  ekf.o(i.InnovationCheck)
    InnovationCheck                          0x080041f5   Thumb Code   126  ekf.o(i.InnovationCheck)
    i.LowPassFilter2pFloat_apply             0x08004278   Section        0  lowpassfilter.o(i.LowPassFilter2pFloat_apply)
    i.LowPassFilter2pFloat_init              0x08004280   Section        0  lowpassfilter.o(i.LowPassFilter2pFloat_init)
    i.MPU6000_Calibrate                      0x0800429c   Section        0  mpu6000.o(i.MPU6000_Calibrate)
    i.MPU6000_Init                           0x08004378   Section        0  mpu6000.o(i.MPU6000_Init)
    i.MPU6000_Process                        0x080043e8   Section        0  mpu6000.o(i.MPU6000_Process)
    i.MPU6000_Process_DMA                    0x080044bc   Section        0  mpu6000.o(i.MPU6000_Process_DMA)
    i.MPU6000_Read                           0x080045d4   Section        0  mpu6000.o(i.MPU6000_Read)
    i.MPU6000_Read_Blocking                  0x08004618   Section        0  mpu6000.o(i.MPU6000_Read_Blocking)
    i.MPU6000_Start_DMA                      0x08004668   Section        0  mpu6000.o(i.MPU6000_Start_DMA)
    i.MPU6000_Write                          0x080046b8   Section        0  mpu6000.o(i.MPU6000_Write)
    i.MX_GPIO_Init                           0x080046f4   Section        0  main.o(i.MX_GPIO_Init)
    MX_GPIO_Init                             0x080046f5   Thumb Code   100  main.o(i.MX_GPIO_Init)
    i.MX_SPI1_Init                           0x08004760   Section        0  main.o(i.MX_SPI1_Init)
    MX_SPI1_Init                             0x08004761   Thumb Code    56  main.o(i.MX_SPI1_Init)
    i.MX_TIM5_Init                           0x080047a0   Section        0  main.o(i.MX_TIM5_Init)
    MX_TIM5_Init                             0x080047a1   Thumb Code    92  main.o(i.MX_TIM5_Init)
    i.MatAdd                                 0x08004804   Section        0  ekf.o(i.MatAdd)
    MatAdd                                   0x08004805   Thumb Code    44  ekf.o(i.MatAdd)
    i.MatMul                                 0x08004830   Section        0  ekf.o(i.MatMul)
    MatMul                                   0x08004831   Thumb Code   114  ekf.o(i.MatMul)
    i.MatMulTransB                           0x080048a8   Section        0  ekf.o(i.MatMulTransB)
    MatMulTransB                             0x080048a9   Thumb Code   118  ekf.o(i.MatMulTransB)
    i.MatSub                                 0x08004924   Section        0  ekf.o(i.MatSub)
    MatSub                                   0x08004925   Thumb Code    44  ekf.o(i.MatSub)
    i.Matrix3f_create_from_elements          0x08004950   Section        0  matrix3.o(i.Matrix3f_create_from_elements)
    i.Matrix3f_det                           0x080049b8   Section        0  matrix3.o(i.Matrix3f_det)
    i.Matrix3f_inverse                       0x08004a02   Section        0  matrix3.o(i.Matrix3f_inverse)
    i.MemManage_Handler                      0x08004b48   Section        0  stm32f4xx_it.o(i.MemManage_Handler)
    i.NMI_Handler                            0x08004b4a   Section        0  stm32f4xx_it.o(i.NMI_Handler)
    i.NormalizeQuaternion                    0x08004b4c   Section        0  ekf.o(i.NormalizeQuaternion)
    NormalizeQuaternion                      0x08004b4d   Thumb Code   126  ekf.o(i.NormalizeQuaternion)
    i.NotchFilter_apply                      0x08004bd4   Section        0  notchfilter.o(i.NotchFilter_apply)
    i.NotchFilter_calculate_A_and_Q          0x08004c40   Section        0  notchfilter.o(i.NotchFilter_calculate_A_and_Q)
    i.NotchFilter_init                       0x08004cd4   Section        0  notchfilter.o(i.NotchFilter_init)
    i.NotchFilter_init_with_A_and_Q          0x08004d3c   Section        0  notchfilter.o(i.NotchFilter_init_with_A_and_Q)
    i.PendSV_Handler                         0x08004e7c   Section        0  stm32f4xx_it.o(i.PendSV_Handler)
    i.QMC5883L_Init                          0x08004e7e   Section        0  qmc5883l.o(i.QMC5883L_Init)
    i.QMC5883L_ReadMag                       0x08004f0c   Section        0  qmc5883l.o(i.QMC5883L_ReadMag)
    i.SPI1_IRQHandler                        0x08004f80   Section        0  stm32f4xx_it.o(i.SPI1_IRQHandler)
    i.SPI_DMAAbortOnError                    0x08004f8c   Section        0  stm32f4xx_hal_spi.o(i.SPI_DMAAbortOnError)
    SPI_DMAAbortOnError                      0x08004f8d   Thumb Code    16  stm32f4xx_hal_spi.o(i.SPI_DMAAbortOnError)
    i.SPI_DMAError                           0x08004f9c   Section        0  stm32f4xx_hal_spi.o(i.SPI_DMAError)
    SPI_DMAError                             0x08004f9d   Thumb Code    34  stm32f4xx_hal_spi.o(i.SPI_DMAError)
    i.SPI_DMAHalfReceiveCplt                 0x08004fbe   Section        0  stm32f4xx_hal_spi.o(i.SPI_DMAHalfReceiveCplt)
    SPI_DMAHalfReceiveCplt                   0x08004fbf   Thumb Code    10  stm32f4xx_hal_spi.o(i.SPI_DMAHalfReceiveCplt)
    i.SPI_DMAHalfTransmitReceiveCplt         0x08004fc8   Section        0  stm32f4xx_hal_spi.o(i.SPI_DMAHalfTransmitReceiveCplt)
    SPI_DMAHalfTransmitReceiveCplt           0x08004fc9   Thumb Code    10  stm32f4xx_hal_spi.o(i.SPI_DMAHalfTransmitReceiveCplt)
    i.SPI_DMAReceiveCplt                     0x08004fd2   Section        0  stm32f4xx_hal_spi.o(i.SPI_DMAReceiveCplt)
    SPI_DMAReceiveCplt                       0x08004fd3   Thumb Code   106  stm32f4xx_hal_spi.o(i.SPI_DMAReceiveCplt)
    i.SPI_DMATransmitReceiveCplt             0x0800503c   Section        0  stm32f4xx_hal_spi.o(i.SPI_DMATransmitReceiveCplt)
    SPI_DMATransmitReceiveCplt               0x0800503d   Thumb Code    90  stm32f4xx_hal_spi.o(i.SPI_DMATransmitReceiveCplt)
    i.SPI_EndRxTransaction                   0x08005096   Section        0  stm32f4xx_hal_spi.o(i.SPI_EndRxTransaction)
    SPI_EndRxTransaction                     0x08005097   Thumb Code    92  stm32f4xx_hal_spi.o(i.SPI_EndRxTransaction)
    i.SPI_EndRxTxTransaction                 0x080050f4   Section        0  stm32f4xx_hal_spi.o(i.SPI_EndRxTxTransaction)
    SPI_EndRxTxTransaction                   0x080050f5   Thumb Code    98  stm32f4xx_hal_spi.o(i.SPI_EndRxTxTransaction)
    i.SPI_WaitFlagStateUntilTimeout          0x08005160   Section        0  stm32f4xx_hal_spi.o(i.SPI_WaitFlagStateUntilTimeout)
    SPI_WaitFlagStateUntilTimeout            0x08005161   Thumb Code   182  stm32f4xx_hal_spi.o(i.SPI_WaitFlagStateUntilTimeout)
    i.SVC_Handler                            0x0800521c   Section        0  stm32f4xx_it.o(i.SVC_Handler)
    i.SysTick_Handler                        0x0800521e   Section        0  stm32f4xx_it.o(i.SysTick_Handler)
    i.SystemClock_Config                     0x08005224   Section        0  main.o(i.SystemClock_Config)
    i.SystemInit                             0x080052b8   Section        0  system_stm32f4xx.o(i.SystemInit)
    i.TIM_Base_SetConfig                     0x080052c8   Section        0  stm32f4xx_hal_tim.o(i.TIM_Base_SetConfig)
    i.TIM_ETR_SetConfig                      0x08005398   Section        0  stm32f4xx_hal_tim.o(i.TIM_ETR_SetConfig)
    i.TIM_ITRx_SetConfig                     0x080053ac   Section        0  stm32f4xx_hal_tim.o(i.TIM_ITRx_SetConfig)
    TIM_ITRx_SetConfig                       0x080053ad   Thumb Code    16  stm32f4xx_hal_tim.o(i.TIM_ITRx_SetConfig)
    i.TIM_TI1_ConfigInputStage               0x080053bc   Section        0  stm32f4xx_hal_tim.o(i.TIM_TI1_ConfigInputStage)
    TIM_TI1_ConfigInputStage                 0x080053bd   Thumb Code    34  stm32f4xx_hal_tim.o(i.TIM_TI1_ConfigInputStage)
    i.TIM_TI2_ConfigInputStage               0x080053de   Section        0  stm32f4xx_hal_tim.o(i.TIM_TI2_ConfigInputStage)
    TIM_TI2_ConfigInputStage                 0x080053df   Thumb Code    36  stm32f4xx_hal_tim.o(i.TIM_TI2_ConfigInputStage)
    i.UsageFault_Handler                     0x08005402   Section        0  stm32f4xx_it.o(i.UsageFault_Handler)
    i.Vector3f_create                        0x08005404   Section        0  vector3.o(i.Vector3f_create)
    i.__ARM_fpclassifyf                      0x08005406   Section        0  fpclassifyf.o(i.__ARM_fpclassifyf)
    i.__ARM_isnanf                           0x0800542c   Section        0  ekf.o(i.__ARM_isnanf)
    __ARM_isnanf                             0x0800542d   Thumb Code    12  ekf.o(i.__ARM_isnanf)
    i.__NVIC_SetPriority                     0x08005438   Section        0  stm32f4xx_hal_cortex.o(i.__NVIC_SetPriority)
    __NVIC_SetPriority                       0x08005439   Thumb Code    32  stm32f4xx_hal_cortex.o(i.__NVIC_SetPriority)
    i.__hardfp_asinf                         0x08005458   Section        0  asinf.o(i.__hardfp_asinf)
    i.__hardfp_atan2f                        0x08005584   Section        0  atan2f.o(i.__hardfp_atan2f)
    i.__hardfp_cosf                          0x080057d4   Section        0  cosf.o(i.__hardfp_cosf)
    i.__hardfp_log2f                         0x08005924   Section        0  log2f.o(i.__hardfp_log2f)
    i.__hardfp_powf                          0x08005a88   Section        0  powf.o(i.__hardfp_powf)
    i.__hardfp_sinf                          0x080060ec   Section        0  sinf.o(i.__hardfp_sinf)
    i.__hardfp_sqrtf                         0x0800627c   Section        0  sqrtf.o(i.__hardfp_sqrtf)
    i.__hardfp_tanf                          0x080062b8   Section        0  tanf.o(i.__hardfp_tanf)
    i.__mathlib_flt_divzero                  0x08006434   Section        0  funder.o(i.__mathlib_flt_divzero)
    i.__mathlib_flt_infnan                   0x08006448   Section        0  funder.o(i.__mathlib_flt_infnan)
    i.__mathlib_flt_infnan2                  0x0800644e   Section        0  funder.o(i.__mathlib_flt_infnan2)
    i.__mathlib_flt_invalid                  0x08006454   Section        0  funder.o(i.__mathlib_flt_invalid)
    i.__mathlib_flt_overflow                 0x08006464   Section        0  funder.o(i.__mathlib_flt_overflow)
    i.__mathlib_flt_underflow                0x08006474   Section        0  funder.o(i.__mathlib_flt_underflow)
    i.__mathlib_rredf2                       0x08006484   Section        0  rredf.o(i.__mathlib_rredf2)
    i.get_q_dot                              0x080065d8   Section        0  ekf.o(i.get_q_dot)
    get_q_dot                                0x080065d9   Thumb Code   134  ekf.o(i.get_q_dot)
    i.main                                   0x08006660   Section        0  main.o(i.main)
    i.micros                                 0x08006a48   Section        0  main.o(i.micros)
    i.sqrtf                                  0x08006a54   Section        0  sqrtf.o(i.sqrtf)
    x$fpl$fpinit                             0x08006a92   Section       10  fpinit.o(x$fpl$fpinit)
    $v0                                      0x08006a92   Number         0  fpinit.o(x$fpl$fpinit)
    .constdata                               0x08006a9c   Section        8  stm32f4xx_hal_dma.o(.constdata)
    x$fpl$usenofp                            0x08006a9c   Section        0  usenofp.o(x$fpl$usenofp)
    flagBitshiftOffset                       0x08006a9c   Data           8  stm32f4xx_hal_dma.o(.constdata)
    .constdata                               0x08006aa4   Section       16  system_stm32f4xx.o(.constdata)
    .constdata                               0x08006ab4   Section        8  system_stm32f4xx.o(.constdata)
    .constdata                               0x08006abc   Section       64  log2f.o(.constdata)
    logahi                                   0x08006abc   Data          32  log2f.o(.constdata)
    logalo                                   0x08006adc   Data          32  log2f.o(.constdata)
    .constdata                               0x08006afc   Section      320  powf.o(.constdata)
    table                                    0x08006afc   Data         128  powf.o(.constdata)
    powersof2to1over16top                    0x08006b7c   Data          64  powf.o(.constdata)
    powersof2to1over16bot                    0x08006bbc   Data          64  powf.o(.constdata)
    powersof2to1over16all                    0x08006bfc   Data          64  powf.o(.constdata)
    .constdata                               0x08006c3c   Section       32  rredf.o(.constdata)
    twooverpi                                0x08006c3c   Data          32  rredf.o(.constdata)
    .data                                    0x20000000   Section       12  ekf.o(.data)
    delAng_prev_x                            0x20000000   Data           4  ekf.o(.data)
    delAng_prev_y                            0x20000004   Data           4  ekf.o(.data)
    delAng_prev_z                            0x20000008   Data           4  ekf.o(.data)
    .data                                    0x2000000c   Section       88  main.o(.data)
    .data                                    0x20000064   Section       12  stm32f4xx_hal.o(.data)
    .data                                    0x20000070   Section        4  system_stm32f4xx.o(.data)
    .bss                                     0x20000074   Section     2620  main.o(.bss)
    .bss                                     0x20000ab0   Section       96  main.o(.bss)
    .bss                                     0x20000b10   Section       96  main.o(.bss)
    .bss                                     0x20000b70   Section       96  libspace.o(.bss)
    HEAP                                     0x20000bd0   Section      512  startup_stm32f405xx.o(HEAP)
    Heap_Mem                                 0x20000bd0   Data         512  startup_stm32f405xx.o(HEAP)
    STACK                                    0x20000dd0   Section     1024  startup_stm32f405xx.o(STACK)
    Stack_Mem                                0x20000dd0   Data        1024  startup_stm32f405xx.o(STACK)
    __initial_sp                             0x200011d0   Data           0  startup_stm32f405xx.o(STACK)

    Global Symbols

    Symbol Name                              Value     Ov Type        Size  Object(Section)

    BuildAttributes$$THM_ISAv4$E$P$D$K$B$S$7EM$VFPi3$EXTD16$VFPS$VFMA$PE$A:L22UL41UL21$X:L11$S22US41US21$IEEE1$IW$USESV6$~STKCKD$USESV7$~SHL$OTIME$ROPI$IEEEX$EBA8$UX$STANDARDLIB$REQ8$PRES8$EABIv2 0x00000000   Number         0  anon$$obj.o ABSOLUTE
    __ARM_use_no_argv                        0x00000000   Number         0  main.o ABSOLUTE
    __ARM_exceptions_init                     - Undefined Weak Reference
    __alloca_initialize                       - Undefined Weak Reference
    __arm_preinit_                            - Undefined Weak Reference
    __cpp_initialize__aeabi_                  - Undefined Weak Reference
    __cxa_finalize                            - Undefined Weak Reference
    __rt_locale                               - Undefined Weak Reference
    __sigvec_lookup                           - Undefined Weak Reference
    _atexit_init                              - Undefined Weak Reference
    _call_atexit_fns                          - Undefined Weak Reference
    _clock_init                               - Undefined Weak Reference
    _fp_trap_init                             - Undefined Weak Reference
    _fp_trap_shutdown                         - Undefined Weak Reference
    _get_lc_collate                           - Undefined Weak Reference
    _get_lc_ctype                             - Undefined Weak Reference
    _get_lc_monetary                          - Undefined Weak Reference
    _get_lc_numeric                           - Undefined Weak Reference
    _get_lc_time                              - Undefined Weak Reference
    _getenv_init                              - Undefined Weak Reference
    _handle_redirection                       - Undefined Weak Reference
    _init_alloc                               - Undefined Weak Reference
    _init_user_alloc                          - Undefined Weak Reference
    _initio                                   - Undefined Weak Reference
    _rand_init                                - Undefined Weak Reference
    _signal_finish                            - Undefined Weak Reference
    _signal_init                              - Undefined Weak Reference
    _terminate_alloc                          - Undefined Weak Reference
    _terminate_user_alloc                     - Undefined Weak Reference
    _terminateio                              - Undefined Weak Reference
    __Vectors_Size                           0x00000188   Number         0  startup_stm32f405xx.o ABSOLUTE
    __Vectors                                0x08000000   Data           4  startup_stm32f405xx.o(RESET)
    __Vectors_End                            0x08000188   Data           0  startup_stm32f405xx.o(RESET)
    __main                                   0x08000189   Thumb Code     8  __main.o(!!!main)
    __scatterload                            0x08000191   Thumb Code     0  __scatter.o(!!!scatter)
    __scatterload_rt2                        0x08000191   Thumb Code    44  __scatter.o(!!!scatter)
    __scatterload_rt2_thumb_only             0x08000191   Thumb Code     0  __scatter.o(!!!scatter)
    __scatterload_null                       0x0800019f   Thumb Code     0  __scatter.o(!!!scatter)
    __scatterload_copy                       0x080001c5   Thumb Code    26  __scatter_copy.o(!!handler_copy)
    __scatterload_zeroinit                   0x080001e1   Thumb Code    28  __scatter_zi.o(!!handler_zi)
    __rt_lib_init                            0x080001fd   Thumb Code     0  libinit.o(.ARM.Collect$$libinit$$00000000)
    __rt_lib_init_fp_1                       0x080001ff   Thumb Code     0  libinit2.o(.ARM.Collect$$libinit$$00000001)
    __rt_lib_init_alloca_1                   0x08000203   Thumb Code     0  libinit2.o(.ARM.Collect$$libinit$$0000002E)
    __rt_lib_init_argv_1                     0x08000203   Thumb Code     0  libinit2.o(.ARM.Collect$$libinit$$0000002C)
    __rt_lib_init_atexit_1                   0x08000203   Thumb Code     0  libinit2.o(.ARM.Collect$$libinit$$0000001B)
    __rt_lib_init_clock_1                    0x08000203   Thumb Code     0  libinit2.o(.ARM.Collect$$libinit$$00000021)
    __rt_lib_init_cpp_1                      0x08000203   Thumb Code     0  libinit2.o(.ARM.Collect$$libinit$$00000032)
    __rt_lib_init_exceptions_1               0x08000203   Thumb Code     0  libinit2.o(.ARM.Collect$$libinit$$00000030)
    __rt_lib_init_fp_trap_1                  0x08000203   Thumb Code     0  libinit2.o(.ARM.Collect$$libinit$$0000001F)
    __rt_lib_init_getenv_1                   0x08000203   Thumb Code     0  libinit2.o(.ARM.Collect$$libinit$$00000023)
    __rt_lib_init_heap_1                     0x08000203   Thumb Code     0  libinit2.o(.ARM.Collect$$libinit$$0000000A)
    __rt_lib_init_lc_collate_1               0x08000203   Thumb Code     0  libinit2.o(.ARM.Collect$$libinit$$00000011)
    __rt_lib_init_lc_ctype_1                 0x08000203   Thumb Code     0  libinit2.o(.ARM.Collect$$libinit$$00000013)
    __rt_lib_init_lc_monetary_1              0x08000203   Thumb Code     0  libinit2.o(.ARM.Collect$$libinit$$00000015)
    __rt_lib_init_lc_numeric_1               0x08000203   Thumb Code     0  libinit2.o(.ARM.Collect$$libinit$$00000017)
    __rt_lib_init_lc_time_1                  0x08000203   Thumb Code     0  libinit2.o(.ARM.Collect$$libinit$$00000019)
    __rt_lib_init_preinit_1                  0x08000203   Thumb Code     0  libinit2.o(.ARM.Collect$$libinit$$00000004)
    __rt_lib_init_rand_1                     0x08000203   Thumb Code     0  libinit2.o(.ARM.Collect$$libinit$$0000000E)
    __rt_lib_init_return                     0x08000203   Thumb Code     0  libinit2.o(.ARM.Collect$$libinit$$00000033)
    __rt_lib_init_signal_1                   0x08000203   Thumb Code     0  libinit2.o(.ARM.Collect$$libinit$$0000001D)
    __rt_lib_init_stdio_1                    0x08000203   Thumb Code     0  libinit2.o(.ARM.Collect$$libinit$$00000025)
    __rt_lib_init_user_alloc_1               0x08000203   Thumb Code     0  libinit2.o(.ARM.Collect$$libinit$$0000000C)
    __rt_lib_shutdown                        0x08000205   Thumb Code     0  libshutdown.o(.ARM.Collect$$libshutdown$$00000000)
    __rt_lib_shutdown_cpp_1                  0x08000207   Thumb Code     0  libshutdown2.o(.ARM.Collect$$libshutdown$$00000002)
    __rt_lib_shutdown_fp_trap_1              0x08000207   Thumb Code     0  libshutdown2.o(.ARM.Collect$$libshutdown$$00000007)
    __rt_lib_shutdown_heap_1                 0x08000207   Thumb Code     0  libshutdown2.o(.ARM.Collect$$libshutdown$$0000000F)
    __rt_lib_shutdown_return                 0x08000207   Thumb Code     0  libshutdown2.o(.ARM.Collect$$libshutdown$$00000010)
    __rt_lib_shutdown_signal_1               0x08000207   Thumb Code     0  libshutdown2.o(.ARM.Collect$$libshutdown$$0000000A)
    __rt_lib_shutdown_stdio_1                0x08000207   Thumb Code     0  libshutdown2.o(.ARM.Collect$$libshutdown$$00000004)
    __rt_lib_shutdown_user_alloc_1           0x08000207   Thumb Code     0  libshutdown2.o(.ARM.Collect$$libshutdown$$0000000C)
    __rt_entry                               0x08000209   Thumb Code     0  __rtentry.o(.ARM.Collect$$rtentry$$00000000)
    __rt_entry_presh_1                       0x08000209   Thumb Code     0  __rtentry2.o(.ARM.Collect$$rtentry$$00000002)
    __rt_entry_sh                            0x08000209   Thumb Code     0  __rtentry4.o(.ARM.Collect$$rtentry$$00000004)
    __rt_entry_li                            0x0800020f   Thumb Code     0  __rtentry2.o(.ARM.Collect$$rtentry$$0000000A)
    __rt_entry_postsh_1                      0x0800020f   Thumb Code     0  __rtentry2.o(.ARM.Collect$$rtentry$$00000009)
    __rt_entry_main                          0x08000213   Thumb Code     0  __rtentry2.o(.ARM.Collect$$rtentry$$0000000D)
    __rt_entry_postli_1                      0x08000213   Thumb Code     0  __rtentry2.o(.ARM.Collect$$rtentry$$0000000C)
    __rt_exit                                0x0800021b   Thumb Code     0  rtexit.o(.ARM.Collect$$rtexit$$00000000)
    __rt_exit_ls                             0x0800021d   Thumb Code     0  rtexit2.o(.ARM.Collect$$rtexit$$00000003)
    __rt_exit_prels_1                        0x0800021d   Thumb Code     0  rtexit2.o(.ARM.Collect$$rtexit$$00000002)
    __rt_exit_exit                           0x08000221   Thumb Code     0  rtexit2.o(.ARM.Collect$$rtexit$$00000004)
    Reset_Handler                            0x08000229   Thumb Code     8  startup_stm32f405xx.o(.text)
    ADC_IRQHandler                           0x08000243   Thumb Code     0  startup_stm32f405xx.o(.text)
    CAN1_RX0_IRQHandler                      0x08000243   Thumb Code     0  startup_stm32f405xx.o(.text)
    CAN1_RX1_IRQHandler                      0x08000243   Thumb Code     0  startup_stm32f405xx.o(.text)
    CAN1_SCE_IRQHandler                      0x08000243   Thumb Code     0  startup_stm32f405xx.o(.text)
    CAN1_TX_IRQHandler                       0x08000243   Thumb Code     0  startup_stm32f405xx.o(.text)
    CAN2_RX0_IRQHandler                      0x08000243   Thumb Code     0  startup_stm32f405xx.o(.text)
    CAN2_RX1_IRQHandler                      0x08000243   Thumb Code     0  startup_stm32f405xx.o(.text)
    CAN2_SCE_IRQHandler                      0x08000243   Thumb Code     0  startup_stm32f405xx.o(.text)
    CAN2_TX_IRQHandler                       0x08000243   Thumb Code     0  startup_stm32f405xx.o(.text)
    DMA1_Stream0_IRQHandler                  0x08000243   Thumb Code     0  startup_stm32f405xx.o(.text)
    DMA1_Stream1_IRQHandler                  0x08000243   Thumb Code     0  startup_stm32f405xx.o(.text)
    DMA1_Stream2_IRQHandler                  0x08000243   Thumb Code     0  startup_stm32f405xx.o(.text)
    DMA1_Stream3_IRQHandler                  0x08000243   Thumb Code     0  startup_stm32f405xx.o(.text)
    DMA1_Stream4_IRQHandler                  0x08000243   Thumb Code     0  startup_stm32f405xx.o(.text)
    DMA1_Stream5_IRQHandler                  0x08000243   Thumb Code     0  startup_stm32f405xx.o(.text)
    DMA1_Stream6_IRQHandler                  0x08000243   Thumb Code     0  startup_stm32f405xx.o(.text)
    DMA1_Stream7_IRQHandler                  0x08000243   Thumb Code     0  startup_stm32f405xx.o(.text)
    DMA2_Stream1_IRQHandler                  0x08000243   Thumb Code     0  startup_stm32f405xx.o(.text)
    DMA2_Stream2_IRQHandler                  0x08000243   Thumb Code     0  startup_stm32f405xx.o(.text)
    DMA2_Stream4_IRQHandler                  0x08000243   Thumb Code     0  startup_stm32f405xx.o(.text)
    DMA2_Stream5_IRQHandler                  0x08000243   Thumb Code     0  startup_stm32f405xx.o(.text)
    DMA2_Stream6_IRQHandler                  0x08000243   Thumb Code     0  startup_stm32f405xx.o(.text)
    DMA2_Stream7_IRQHandler                  0x08000243   Thumb Code     0  startup_stm32f405xx.o(.text)
    EXTI0_IRQHandler                         0x08000243   Thumb Code     0  startup_stm32f405xx.o(.text)
    EXTI15_10_IRQHandler                     0x08000243   Thumb Code     0  startup_stm32f405xx.o(.text)
    EXTI1_IRQHandler                         0x08000243   Thumb Code     0  startup_stm32f405xx.o(.text)
    EXTI2_IRQHandler                         0x08000243   Thumb Code     0  startup_stm32f405xx.o(.text)
    EXTI3_IRQHandler                         0x08000243   Thumb Code     0  startup_stm32f405xx.o(.text)
    EXTI4_IRQHandler                         0x08000243   Thumb Code     0  startup_stm32f405xx.o(.text)
    EXTI9_5_IRQHandler                       0x08000243   Thumb Code     0  startup_stm32f405xx.o(.text)
    FLASH_IRQHandler                         0x08000243   Thumb Code     0  startup_stm32f405xx.o(.text)
    FMC_IRQHandler                           0x08000243   Thumb Code     0  startup_stm32f405xx.o(.text)
    FPU_IRQHandler                           0x08000243   Thumb Code     0  startup_stm32f405xx.o(.text)
    HASH_RNG_IRQHandler                      0x08000243   Thumb Code     0  startup_stm32f405xx.o(.text)
    I2C2_ER_IRQHandler                       0x08000243   Thumb Code     0  startup_stm32f405xx.o(.text)
    I2C2_EV_IRQHandler                       0x08000243   Thumb Code     0  startup_stm32f405xx.o(.text)
    I2C3_ER_IRQHandler                       0x08000243   Thumb Code     0  startup_stm32f405xx.o(.text)
    I2C3_EV_IRQHandler                       0x08000243   Thumb Code     0  startup_stm32f405xx.o(.text)
    OTG_FS_IRQHandler                        0x08000243   Thumb Code     0  startup_stm32f405xx.o(.text)
    OTG_FS_WKUP_IRQHandler                   0x08000243   Thumb Code     0  startup_stm32f405xx.o(.text)
    OTG_HS_EP1_IN_IRQHandler                 0x08000243   Thumb Code     0  startup_stm32f405xx.o(.text)
    OTG_HS_EP1_OUT_IRQHandler                0x08000243   Thumb Code     0  startup_stm32f405xx.o(.text)
    OTG_HS_IRQHandler                        0x08000243   Thumb Code     0  startup_stm32f405xx.o(.text)
    OTG_HS_WKUP_IRQHandler                   0x08000243   Thumb Code     0  startup_stm32f405xx.o(.text)
    PVD_IRQHandler                           0x08000243   Thumb Code     0  startup_stm32f405xx.o(.text)
    RCC_IRQHandler                           0x08000243   Thumb Code     0  startup_stm32f405xx.o(.text)
    RTC_Alarm_IRQHandler                     0x08000243   Thumb Code     0  startup_stm32f405xx.o(.text)
    RTC_WKUP_IRQHandler                      0x08000243   Thumb Code     0  startup_stm32f405xx.o(.text)
    SDIO_IRQHandler                          0x08000243   Thumb Code     0  startup_stm32f405xx.o(.text)
    SPI2_IRQHandler                          0x08000243   Thumb Code     0  startup_stm32f405xx.o(.text)
    SPI3_IRQHandler                          0x08000243   Thumb Code     0  startup_stm32f405xx.o(.text)
    TAMP_STAMP_IRQHandler                    0x08000243   Thumb Code     0  startup_stm32f405xx.o(.text)
    TIM1_BRK_TIM9_IRQHandler                 0x08000243   Thumb Code     0  startup_stm32f405xx.o(.text)
    TIM1_CC_IRQHandler                       0x08000243   Thumb Code     0  startup_stm32f405xx.o(.text)
    TIM1_TRG_COM_TIM11_IRQHandler            0x08000243   Thumb Code     0  startup_stm32f405xx.o(.text)
    TIM1_UP_TIM10_IRQHandler                 0x08000243   Thumb Code     0  startup_stm32f405xx.o(.text)
    TIM2_IRQHandler                          0x08000243   Thumb Code     0  startup_stm32f405xx.o(.text)
    TIM3_IRQHandler                          0x08000243   Thumb Code     0  startup_stm32f405xx.o(.text)
    TIM4_IRQHandler                          0x08000243   Thumb Code     0  startup_stm32f405xx.o(.text)
    TIM5_IRQHandler                          0x08000243   Thumb Code     0  startup_stm32f405xx.o(.text)
    TIM6_DAC_IRQHandler                      0x08000243   Thumb Code     0  startup_stm32f405xx.o(.text)
    TIM7_IRQHandler                          0x08000243   Thumb Code     0  startup_stm32f405xx.o(.text)
    TIM8_BRK_TIM12_IRQHandler                0x08000243   Thumb Code     0  startup_stm32f405xx.o(.text)
    TIM8_CC_IRQHandler                       0x08000243   Thumb Code     0  startup_stm32f405xx.o(.text)
    TIM8_TRG_COM_TIM14_IRQHandler            0x08000243   Thumb Code     0  startup_stm32f405xx.o(.text)
    TIM8_UP_TIM13_IRQHandler                 0x08000243   Thumb Code     0  startup_stm32f405xx.o(.text)
    UART4_IRQHandler                         0x08000243   Thumb Code     0  startup_stm32f405xx.o(.text)
    UART5_IRQHandler                         0x08000243   Thumb Code     0  startup_stm32f405xx.o(.text)
    USART1_IRQHandler                        0x08000243   Thumb Code     0  startup_stm32f405xx.o(.text)
    USART2_IRQHandler                        0x08000243   Thumb Code     0  startup_stm32f405xx.o(.text)
    USART3_IRQHandler                        0x08000243   Thumb Code     0  startup_stm32f405xx.o(.text)
    USART6_IRQHandler                        0x08000243   Thumb Code     0  startup_stm32f405xx.o(.text)
    WWDG_IRQHandler                          0x08000243   Thumb Code     0  startup_stm32f405xx.o(.text)
    __user_initial_stackheap                 0x08000245   Thumb Code     0  startup_stm32f405xx.o(.text)
    __aeabi_uldivmod                         0x08000269   Thumb Code     0  lludivv7m.o(.text)
    _ll_udiv                                 0x08000269   Thumb Code   238  lludivv7m.o(.text)
    __aeabi_memcpy4                          0x08000357   Thumb Code     0  rt_memcpy_w.o(.text)
    __aeabi_memcpy8                          0x08000357   Thumb Code     0  rt_memcpy_w.o(.text)
    __rt_memcpy_w                            0x08000357   Thumb Code   100  rt_memcpy_w.o(.text)
    _memcpy_lastbytes_aligned                0x0800039f   Thumb Code     0  rt_memcpy_w.o(.text)
    __aeabi_memclr4                          0x080003bb   Thumb Code     0  rt_memclr_w.o(.text)
    __aeabi_memclr8                          0x080003bb   Thumb Code     0  rt_memclr_w.o(.text)
    __rt_memclr_w                            0x080003bb   Thumb Code    78  rt_memclr_w.o(.text)
    _memset_w                                0x080003bf   Thumb Code     0  rt_memclr_w.o(.text)
    __use_two_region_memory                  0x08000409   Thumb Code     2  heapauxi.o(.text)
    __rt_heap_escrow$2region                 0x0800040b   Thumb Code     2  heapauxi.o(.text)
    __rt_heap_expand$2region                 0x0800040d   Thumb Code     2  heapauxi.o(.text)
    __read_errno                             0x0800040f   Thumb Code    10  _rserrno.o(.text)
    __set_errno                              0x08000419   Thumb Code    12  _rserrno.o(.text)
    __aeabi_errno_addr                       0x08000425   Thumb Code     8  rt_errno_addr_intlibspace.o(.text)
    __errno$intlibspace                      0x08000425   Thumb Code     0  rt_errno_addr_intlibspace.o(.text)
    __rt_errno_addr$intlibspace              0x08000425   Thumb Code     0  rt_errno_addr_intlibspace.o(.text)
    __user_libspace                          0x0800042d   Thumb Code     8  libspace.o(.text)
    __user_perproc_libspace                  0x0800042d   Thumb Code     0  libspace.o(.text)
    __user_perthread_libspace                0x0800042d   Thumb Code     0  libspace.o(.text)
    __user_setup_stackheap                   0x08000435   Thumb Code    74  sys_stackheap_outer.o(.text)
    exit                                     0x0800047f   Thumb Code    18  exit.o(.text)
    _sys_exit                                0x08000491   Thumb Code     8  sys_exit.o(.text)
    __I$use$semihosting                      0x0800049d   Thumb Code     0  use_no_semi.o(.text)
    __use_no_semihosting_swi                 0x0800049d   Thumb Code     2  use_no_semi.o(.text)
    BusFault_Handler                         0x0800049f   Thumb Code     2  stm32f4xx_it.o(i.BusFault_Handler)
    __semihosting_library_function           0x0800049f   Thumb Code     0  indicate_semi.o(.text)
    DMA2_Stream0_IRQHandler                  0x080004a1   Thumb Code     6  stm32f4xx_it.o(i.DMA2_Stream0_IRQHandler)
    DMA2_Stream3_IRQHandler                  0x080004ad   Thumb Code     6  stm32f4xx_it.o(i.DMA2_Stream3_IRQHandler)
    DebugMon_Handler                         0x0800055d   Thumb Code     2  stm32f4xx_it.o(i.DebugMon_Handler)
    DigitalBiquadFilter_apply                0x0800055f   Thumb Code    90  lowpassfilter.o(i.DigitalBiquadFilter_apply)
    DigitalBiquadFilter_compute_params       0x080005b9   Thumb Code   226  lowpassfilter.o(i.DigitalBiquadFilter_compute_params)
    EKF_ApplyZUPT                            0x080006ad   Thumb Code   388  ekf.o(i.EKF_ApplyZUPT)
    EKF_FuseAccel                            0x08000839   Thumb Code   614  ekf.o(i.EKF_FuseAccel)
    EKF_FuseMag                              0x08000aa9   Thumb Code   756  ekf.o(i.EKF_FuseMag)
    EKF_GetEuler                             0x08000d9d   Thumb Code   174  ekf.o(i.EKF_GetEuler)
    EKF_Init                                 0x08000e51   Thumb Code   182  ekf.o(i.EKF_Init)
    EKF_Predict                              0x08000f31   Thumb Code   828  ekf.o(i.EKF_Predict)
    EKF_PredictVelocity                      0x0800126d   Thumb Code   954  ekf.o(i.EKF_PredictVelocity)
    Error_Handler                            0x0800163d   Thumb Code     4  main.o(i.Error_Handler)
    HAL_DMA_Abort_IT                         0x08001641   Thumb Code    36  stm32f4xx_hal_dma.o(i.HAL_DMA_Abort_IT)
    HAL_DMA_GetState                         0x08001665   Thumb Code     6  stm32f4xx_hal_dma.o(i.HAL_DMA_GetState)
    HAL_DMA_IRQHandler                       0x0800166d   Thumb Code   412  stm32f4xx_hal_dma.o(i.HAL_DMA_IRQHandler)
    HAL_DMA_Init                             0x0800180d   Thumb Code   206  stm32f4xx_hal_dma.o(i.HAL_DMA_Init)
    HAL_DMA_Start_IT                         0x080018e1   Thumb Code   110  stm32f4xx_hal_dma.o(i.HAL_DMA_Start_IT)
    HAL_Delay                                0x08001951   Thumb Code    32  stm32f4xx_hal.o(i.HAL_Delay)
    HAL_GPIO_Init                            0x08001975   Thumb Code   450  stm32f4xx_hal_gpio.o(i.HAL_GPIO_Init)
    HAL_GPIO_WritePin                        0x08001b65   Thumb Code    10  stm32f4xx_hal_gpio.o(i.HAL_GPIO_WritePin)
    HAL_GetTick                              0x08001b71   Thumb Code     6  stm32f4xx_hal.o(i.HAL_GetTick)
    HAL_I2C_AbortCpltCallback                0x08001b7d   Thumb Code     2  stm32f4xx_hal_i2c.o(i.HAL_I2C_AbortCpltCallback)
    HAL_I2C_AddrCallback                     0x08001b7f   Thumb Code     2  stm32f4xx_hal_i2c.o(i.HAL_I2C_AddrCallback)
    HAL_I2C_ER_IRQHandler                    0x08001b81   Thumb Code   186  stm32f4xx_hal_i2c.o(i.HAL_I2C_ER_IRQHandler)
    HAL_I2C_EV_IRQHandler                    0x08001c3b   Thumb Code   560  stm32f4xx_hal_i2c.o(i.HAL_I2C_EV_IRQHandler)
    HAL_I2C_ErrorCallback                    0x08001e6b   Thumb Code     2  stm32f4xx_hal_i2c.o(i.HAL_I2C_ErrorCallback)
    HAL_I2C_Init                             0x08001e6d   Thumb Code   376  stm32f4xx_hal_i2c.o(i.HAL_I2C_Init)
    HAL_I2C_ListenCpltCallback               0x08001ff5   Thumb Code     2  stm32f4xx_hal_i2c.o(i.HAL_I2C_ListenCpltCallback)
    HAL_I2C_MasterRxCpltCallback             0x08001ff7   Thumb Code     2  stm32f4xx_hal_i2c.o(i.HAL_I2C_MasterRxCpltCallback)
    HAL_I2C_MasterTxCpltCallback             0x08001ff9   Thumb Code     2  stm32f4xx_hal_i2c.o(i.HAL_I2C_MasterTxCpltCallback)
    HAL_I2C_MemRxCpltCallback                0x08001ffb   Thumb Code     2  stm32f4xx_hal_i2c.o(i.HAL_I2C_MemRxCpltCallback)
    HAL_I2C_MemTxCpltCallback                0x08001ffd   Thumb Code     2  stm32f4xx_hal_i2c.o(i.HAL_I2C_MemTxCpltCallback)
    HAL_I2C_Mem_Read                         0x08002001   Thumb Code   502  stm32f4xx_hal_i2c.o(i.HAL_I2C_Mem_Read)
    HAL_I2C_Mem_Write                        0x08002205   Thumb Code   294  stm32f4xx_hal_i2c.o(i.HAL_I2C_Mem_Write)
    HAL_I2C_MspInit                          0x08002335   Thumb Code   124  stm32f4xx_hal_msp.o(i.HAL_I2C_MspInit)
    HAL_I2C_SlaveRxCpltCallback              0x080023bd   Thumb Code     2  stm32f4xx_hal_i2c.o(i.HAL_I2C_SlaveRxCpltCallback)
    HAL_I2C_SlaveTxCpltCallback              0x080023bf   Thumb Code     2  stm32f4xx_hal_i2c.o(i.HAL_I2C_SlaveTxCpltCallback)
    HAL_IncTick                              0x080023c1   Thumb Code    12  stm32f4xx_hal.o(i.HAL_IncTick)
    HAL_Init                                 0x080023d1   Thumb Code    48  stm32f4xx_hal.o(i.HAL_Init)
    HAL_InitTick                             0x08002405   Thumb Code    54  stm32f4xx_hal.o(i.HAL_InitTick)
    HAL_MspInit                              0x08002445   Thumb Code    42  stm32f4xx_hal_msp.o(i.HAL_MspInit)
    HAL_NVIC_EnableIRQ                       0x08002475   Thumb Code    26  stm32f4xx_hal_cortex.o(i.HAL_NVIC_EnableIRQ)
    HAL_NVIC_SetPriority                     0x08002491   Thumb Code    60  stm32f4xx_hal_cortex.o(i.HAL_NVIC_SetPriority)
    HAL_NVIC_SetPriorityGrouping             0x080024d1   Thumb Code    26  stm32f4xx_hal_cortex.o(i.HAL_NVIC_SetPriorityGrouping)
    HAL_RCC_ClockConfig                      0x080024f5   Thumb Code   288  stm32f4xx_hal_rcc.o(i.HAL_RCC_ClockConfig)
    HAL_RCC_GetPCLK1Freq                     0x08002629   Thumb Code    20  stm32f4xx_hal_rcc.o(i.HAL_RCC_GetPCLK1Freq)
    HAL_RCC_GetSysClockFreq                  0x08002649   Thumb Code    88  stm32f4xx_hal_rcc.o(i.HAL_RCC_GetSysClockFreq)
    HAL_RCC_OscConfig                        0x080026ad   Thumb Code   856  stm32f4xx_hal_rcc.o(i.HAL_RCC_OscConfig)
    HAL_SPI_ErrorCallback                    0x08002a19   Thumb Code     2  stm32f4xx_hal_spi.o(i.HAL_SPI_ErrorCallback)
    HAL_SPI_IRQHandler                       0x08002a1d   Thumb Code   246  stm32f4xx_hal_spi.o(i.HAL_SPI_IRQHandler)
    HAL_SPI_Init                             0x08002b19   Thumb Code   188  stm32f4xx_hal_spi.o(i.HAL_SPI_Init)
    HAL_SPI_MspInit                          0x08002bd5   Thumb Code   208  stm32f4xx_hal_msp.o(i.HAL_SPI_MspInit)
    HAL_SPI_RxCpltCallback                   0x08002cbd   Thumb Code     2  stm32f4xx_hal_spi.o(i.HAL_SPI_RxCpltCallback)
    HAL_SPI_RxHalfCpltCallback               0x08002cbf   Thumb Code     2  stm32f4xx_hal_spi.o(i.HAL_SPI_RxHalfCpltCallback)
    HAL_SPI_Transmit                         0x08002cc1   Thumb Code   358  stm32f4xx_hal_spi.o(i.HAL_SPI_Transmit)
    HAL_SPI_TransmitReceive                  0x08002e27   Thumb Code   496  stm32f4xx_hal_spi.o(i.HAL_SPI_TransmitReceive)
    HAL_SPI_TransmitReceive_DMA              0x08003019   Thumb Code   252  stm32f4xx_hal_spi.o(i.HAL_SPI_TransmitReceive_DMA)
    HAL_SPI_TxRxCpltCallback                 0x08003129   Thumb Code    36  main.o(i.HAL_SPI_TxRxCpltCallback)
    HAL_SPI_TxRxHalfCpltCallback             0x08003159   Thumb Code     2  stm32f4xx_hal_spi.o(i.HAL_SPI_TxRxHalfCpltCallback)
    HAL_SYSTICK_Config                       0x0800315b   Thumb Code    40  stm32f4xx_hal_cortex.o(i.HAL_SYSTICK_Config)
    HAL_TIMEx_MasterConfigSynchronization    0x08003185   Thumb Code   116  stm32f4xx_hal_tim_ex.o(i.HAL_TIMEx_MasterConfigSynchronization)
    HAL_TIM_Base_Init                        0x08003215   Thumb Code    90  stm32f4xx_hal_tim.o(i.HAL_TIM_Base_Init)
    HAL_TIM_Base_MspInit                     0x08003271   Thumb Code    30  stm32f4xx_hal_msp.o(i.HAL_TIM_Base_MspInit)
    HAL_TIM_Base_Start                       0x08003299   Thumb Code    90  stm32f4xx_hal_tim.o(i.HAL_TIM_Base_Start)
    HAL_TIM_ConfigClockSource                0x08003311   Thumb Code   220  stm32f4xx_hal_tim.o(i.HAL_TIM_ConfigClockSource)
    HardFault_Handler                        0x080033ed   Thumb Code     2  stm32f4xx_it.o(i.HardFault_Handler)
    I2C1_ER_IRQHandler                       0x080033f1   Thumb Code     6  stm32f4xx_it.o(i.I2C1_ER_IRQHandler)
    I2C1_EV_IRQHandler                       0x080033fd   Thumb Code     6  stm32f4xx_it.o(i.I2C1_EV_IRQHandler)
    LowPassFilter2pFloat_apply               0x08004279   Thumb Code     8  lowpassfilter.o(i.LowPassFilter2pFloat_apply)
    LowPassFilter2pFloat_init                0x08004281   Thumb Code    24  lowpassfilter.o(i.LowPassFilter2pFloat_init)
    MPU6000_Calibrate                        0x0800429d   Thumb Code   216  mpu6000.o(i.MPU6000_Calibrate)
    MPU6000_Init                             0x08004379   Thumb Code   106  mpu6000.o(i.MPU6000_Init)
    MPU6000_Process                          0x080043e9   Thumb Code   188  mpu6000.o(i.MPU6000_Process)
    MPU6000_Process_DMA                      0x080044bd   Thumb Code   254  mpu6000.o(i.MPU6000_Process_DMA)
    MPU6000_Read                             0x080045d5   Thumb Code    64  mpu6000.o(i.MPU6000_Read)
    MPU6000_Read_Blocking                    0x08004619   Thumb Code    74  mpu6000.o(i.MPU6000_Read_Blocking)
    MPU6000_Start_DMA                        0x08004669   Thumb Code    74  mpu6000.o(i.MPU6000_Start_DMA)
    MPU6000_Write                            0x080046b9   Thumb Code    54  mpu6000.o(i.MPU6000_Write)
    Matrix3f_create_from_elements            0x08004951   Thumb Code   104  matrix3.o(i.Matrix3f_create_from_elements)
    Matrix3f_det                             0x080049b9   Thumb Code    74  matrix3.o(i.Matrix3f_det)
    Matrix3f_inverse                         0x08004a03   Thumb Code   326  matrix3.o(i.Matrix3f_inverse)
    MemManage_Handler                        0x08004b49   Thumb Code     2  stm32f4xx_it.o(i.MemManage_Handler)
    NMI_Handler                              0x08004b4b   Thumb Code     2  stm32f4xx_it.o(i.NMI_Handler)
    NotchFilter_apply                        0x08004bd5   Thumb Code   108  notchfilter.o(i.NotchFilter_apply)
    NotchFilter_calculate_A_and_Q            0x08004c41   Thumb Code   140  notchfilter.o(i.NotchFilter_calculate_A_and_Q)
    NotchFilter_init                         0x08004cd5   Thumb Code   104  notchfilter.o(i.NotchFilter_init)
    NotchFilter_init_with_A_and_Q            0x08004d3d   Thumb Code   312  notchfilter.o(i.NotchFilter_init_with_A_and_Q)
    PendSV_Handler                           0x08004e7d   Thumb Code     2  stm32f4xx_it.o(i.PendSV_Handler)
    QMC5883L_Init                            0x08004e7f   Thumb Code   142  qmc5883l.o(i.QMC5883L_Init)
    QMC5883L_ReadMag                         0x08004f0d   Thumb Code   110  qmc5883l.o(i.QMC5883L_ReadMag)
    SPI1_IRQHandler                          0x08004f81   Thumb Code     6  stm32f4xx_it.o(i.SPI1_IRQHandler)
    SVC_Handler                              0x0800521d   Thumb Code     2  stm32f4xx_it.o(i.SVC_Handler)
    SysTick_Handler                          0x0800521f   Thumb Code     4  stm32f4xx_it.o(i.SysTick_Handler)
    SystemClock_Config                       0x08005225   Thumb Code   140  main.o(i.SystemClock_Config)
    SystemInit                               0x080052b9   Thumb Code    12  system_stm32f4xx.o(i.SystemInit)
    TIM_Base_SetConfig                       0x080052c9   Thumb Code   164  stm32f4xx_hal_tim.o(i.TIM_Base_SetConfig)
    TIM_ETR_SetConfig                        0x08005399   Thumb Code    20  stm32f4xx_hal_tim.o(i.TIM_ETR_SetConfig)
    UsageFault_Handler                       0x08005403   Thumb Code     2  stm32f4xx_it.o(i.UsageFault_Handler)
    Vector3f_create                          0x08005405   Thumb Code     2  vector3.o(i.Vector3f_create)
    __ARM_fpclassifyf                        0x08005407   Thumb Code    38  fpclassifyf.o(i.__ARM_fpclassifyf)
    __hardfp_asinf                           0x08005459   Thumb Code   258  asinf.o(i.__hardfp_asinf)
    __hardfp_atan2f                          0x08005585   Thumb Code   502  atan2f.o(i.__hardfp_atan2f)
    __hardfp_cosf                            0x080057d5   Thumb Code   280  cosf.o(i.__hardfp_cosf)
    __hardfp_log2f                           0x08005925   Thumb Code   312  log2f.o(i.__hardfp_log2f)
    __hardfp_powf                            0x08005a89   Thumb Code  1606  powf.o(i.__hardfp_powf)
    __mathlib_powf                           0x08005a89   Thumb Code     0  powf.o(i.__hardfp_powf)
    __hardfp_sinf                            0x080060ed   Thumb Code   344  sinf.o(i.__hardfp_sinf)
    __hardfp_sqrtf                           0x0800627d   Thumb Code    58  sqrtf.o(i.__hardfp_sqrtf)
    __hardfp_tanf                            0x080062b9   Thumb Code   322  tanf.o(i.__hardfp_tanf)
    __mathlib_flt_divzero                    0x08006435   Thumb Code    14  funder.o(i.__mathlib_flt_divzero)
    __mathlib_flt_infnan                     0x08006449   Thumb Code     6  funder.o(i.__mathlib_flt_infnan)
    __mathlib_flt_infnan2                    0x0800644f   Thumb Code     6  funder.o(i.__mathlib_flt_infnan2)
    __mathlib_flt_invalid                    0x08006455   Thumb Code    10  funder.o(i.__mathlib_flt_invalid)
    __mathlib_flt_overflow                   0x08006465   Thumb Code    10  funder.o(i.__mathlib_flt_overflow)
    __mathlib_flt_underflow                  0x08006475   Thumb Code    10  funder.o(i.__mathlib_flt_underflow)
    __mathlib_rredf2                         0x08006485   Thumb Code   316  rredf.o(i.__mathlib_rredf2)
    main                                     0x08006661   Thumb Code   920  main.o(i.main)
    micros                                   0x08006a49   Thumb Code     8  main.o(i.micros)
    sqrtf                                    0x08006a55   Thumb Code    62  sqrtf.o(i.sqrtf)
    _fp_init                                 0x08006a93   Thumb Code    10  fpinit.o(x$fpl$fpinit)
    __fplib_config_fpu_vfp                   0x08006a9b   Thumb Code     0  fpinit.o(x$fpl$fpinit)
    __fplib_config_pureend_doubles           0x08006a9b   Thumb Code     0  fpinit.o(x$fpl$fpinit)
    __I$use$fp                               0x08006a9c   Number         0  usenofp.o(x$fpl$usenofp)
    AHBPrescTable                            0x08006aa4   Data          16  system_stm32f4xx.o(.constdata)
    APBPrescTable                            0x08006ab4   Data           8  system_stm32f4xx.o(.constdata)
    Region$$Table$$Base                      0x08006c5c   Number         0  anon$$obj.o(Region$$Table)
    Region$$Table$$Limit                     0x08006c7c   Number         0  anon$$obj.o(Region$$Table)
    mag_offset_x                             0x2000000c   Data           4  main.o(.data)
    mag_offset_y                             0x20000010   Data           4  main.o(.data)
    mag_offset_z                             0x20000014   Data           4  main.o(.data)
    ax                                       0x20000018   Data           4  main.o(.data)
    ay                                       0x2000001c   Data           4  main.o(.data)
    az                                       0x20000020   Data           4  main.o(.data)
    gx                                       0x20000024   Data           4  main.o(.data)
    gy                                       0x20000028   Data           4  main.o(.data)
    gz                                       0x2000002c   Data           4  main.o(.data)
    mx                                       0x20000030   Data           4  main.o(.data)
    my                                       0x20000034   Data           4  main.o(.data)
    mz                                       0x20000038   Data           4  main.o(.data)
    roll                                     0x2000003c   Data           4  main.o(.data)
    pitch                                    0x20000040   Data           4  main.o(.data)
    yaw                                      0x20000044   Data           4  main.o(.data)
    vn                                       0x20000048   Data           4  main.o(.data)
    ve                                       0x2000004c   Data           4  main.o(.data)
    vd                                       0x20000050   Data           4  main.o(.data)
    pn                                       0x20000054   Data           4  main.o(.data)
    pe                                       0x20000058   Data           4  main.o(.data)
    pd                                       0x2000005c   Data           4  main.o(.data)
    dt_real                                  0x20000060   Data           4  main.o(.data)
    uwTickFreq                               0x20000064   Data           1  stm32f4xx_hal.o(.data)
    uwTickPrio                               0x20000068   Data           4  stm32f4xx_hal.o(.data)
    uwTick                                   0x2000006c   Data           4  stm32f4xx_hal.o(.data)
    SystemCoreClock                          0x20000070   Data           4  system_stm32f4xx.o(.data)
    hi2c1                                    0x20000074   Data          84  main.o(.bss)
    hspi1                                    0x200000c8   Data          88  main.o(.bss)
    htim5                                    0x20000120   Data          72  main.o(.bss)
    mpu                                      0x20000168   Data          92  main.o(.bss)
    acc_filter                               0x200001c4   Data         192  main.o(.bss)
    gyro_filter                              0x20000284   Data         192  main.o(.bss)
    acc_notch                                0x20000344   Data         156  main.o(.bss)
    gyro_notch                               0x200003e0   Data         156  main.o(.bss)
    mag                                      0x2000047c   Data          28  main.o(.bss)
    ekf                                      0x20000498   Data        1560  main.o(.bss)
    hdma_spi1_rx                             0x20000ab0   Data          96  main.o(.bss)
    hdma_spi1_tx                             0x20000b10   Data          96  main.o(.bss)
    __libspace_start                         0x20000b70   Data          96  libspace.o(.bss)
    __temporary_stack_top$libspace           0x20000bd0   Data           0  libspace.o(.bss)



==============================================================================

Memory Map of the image

  Image Entry point : 0x08000189

  Load Region LR_IROM1 (Base: 0x08000000, Size: 0x00006cf0, Max: 0x00100000, ABSOLUTE)

    Execution Region ER_IROM1 (Exec base: 0x08000000, Load base: 0x08000000, Size: 0x00006c7c, Max: 0x00100000, ABSOLUTE)

    Exec Addr    Load Addr    Size         Type   Attr      Idx    E Section Name        Object

    0x08000000   0x08000000   0x00000188   Data   RO            3    RESET               startup_stm32f405xx.o
    0x08000188   0x08000188   0x00000008   Code   RO         4431  * !!!main             c_w.l(__main.o)
    0x08000190   0x08000190   0x00000034   Code   RO         4739    !!!scatter          c_w.l(__scatter.o)
    0x080001c4   0x080001c4   0x0000001a   Code   RO         4741    !!handler_copy      c_w.l(__scatter_copy.o)
    0x080001de   0x080001de   0x00000002   PAD
    0x080001e0   0x080001e0   0x0000001c   Code   RO         4743    !!handler_zi        c_w.l(__scatter_zi.o)
    0x080001fc   0x080001fc   0x00000002   Code   RO         4612    .ARM.Collect$$libinit$$00000000  c_w.l(libinit.o)
    0x080001fe   0x080001fe   0x00000004   Code   RO         4621    .ARM.Collect$$libinit$$00000001  c_w.l(libinit2.o)
    0x08000202   0x08000202   0x00000000   Code   RO         4624    .ARM.Collect$$libinit$$00000004  c_w.l(libinit2.o)
    0x08000202   0x08000202   0x00000000   Code   RO         4627    .ARM.Collect$$libinit$$0000000A  c_w.l(libinit2.o)
    0x08000202   0x08000202   0x00000000   Code   RO         4629    .ARM.Collect$$libinit$$0000000C  c_w.l(libinit2.o)
    0x08000202   0x08000202   0x00000000   Code   RO         4631    .ARM.Collect$$libinit$$0000000E  c_w.l(libinit2.o)
    0x08000202   0x08000202   0x00000000   Code   RO         4634    .ARM.Collect$$libinit$$00000011  c_w.l(libinit2.o)
    0x08000202   0x08000202   0x00000000   Code   RO         4636    .ARM.Collect$$libinit$$00000013  c_w.l(libinit2.o)
    0x08000202   0x08000202   0x00000000   Code   RO         4638    .ARM.Collect$$libinit$$00000015  c_w.l(libinit2.o)
    0x08000202   0x08000202   0x00000000   Code   RO         4640    .ARM.Collect$$libinit$$00000017  c_w.l(libinit2.o)
    0x08000202   0x08000202   0x00000000   Code   RO         4642    .ARM.Collect$$libinit$$00000019  c_w.l(libinit2.o)
    0x08000202   0x08000202   0x00000000   Code   RO         4644    .ARM.Collect$$libinit$$0000001B  c_w.l(libinit2.o)
    0x08000202   0x08000202   0x00000000   Code   RO         4646    .ARM.Collect$$libinit$$0000001D  c_w.l(libinit2.o)
    0x08000202   0x08000202   0x00000000   Code   RO         4648    .ARM.Collect$$libinit$$0000001F  c_w.l(libinit2.o)
    0x08000202   0x08000202   0x00000000   Code   RO         4650    .ARM.Collect$$libinit$$00000021  c_w.l(libinit2.o)
    0x08000202   0x08000202   0x00000000   Code   RO         4652    .ARM.Collect$$libinit$$00000023  c_w.l(libinit2.o)
    0x08000202   0x08000202   0x00000000   Code   RO         4654    .ARM.Collect$$libinit$$00000025  c_w.l(libinit2.o)
    0x08000202   0x08000202   0x00000000   Code   RO         4658    .ARM.Collect$$libinit$$0000002C  c_w.l(libinit2.o)
    0x08000202   0x08000202   0x00000000   Code   RO         4660    .ARM.Collect$$libinit$$0000002E  c_w.l(libinit2.o)
    0x08000202   0x08000202   0x00000000   Code   RO         4662    .ARM.Collect$$libinit$$00000030  c_w.l(libinit2.o)
    0x08000202   0x08000202   0x00000000   Code   RO         4664    .ARM.Collect$$libinit$$00000032  c_w.l(libinit2.o)
    0x08000202   0x08000202   0x00000002   Code   RO         4665    .ARM.Collect$$libinit$$00000033  c_w.l(libinit2.o)
    0x08000204   0x08000204   0x00000002   Code   RO         4696    .ARM.Collect$$libshutdown$$00000000  c_w.l(libshutdown.o)
    0x08000206   0x08000206   0x00000000   Code   RO         4722    .ARM.Collect$$libshutdown$$00000002  c_w.l(libshutdown2.o)
    0x08000206   0x08000206   0x00000000   Code   RO         4724    .ARM.Collect$$libshutdown$$00000004  c_w.l(libshutdown2.o)
    0x08000206   0x08000206   0x00000000   Code   RO         4727    .ARM.Collect$$libshutdown$$00000007  c_w.l(libshutdown2.o)
    0x08000206   0x08000206   0x00000000   Code   RO         4730    .ARM.Collect$$libshutdown$$0000000A  c_w.l(libshutdown2.o)
    0x08000206   0x08000206   0x00000000   Code   RO         4732    .ARM.Collect$$libshutdown$$0000000C  c_w.l(libshutdown2.o)
    0x08000206   0x08000206   0x00000000   Code   RO         4735    .ARM.Collect$$libshutdown$$0000000F  c_w.l(libshutdown2.o)
    0x08000206   0x08000206   0x00000002   Code   RO         4736    .ARM.Collect$$libshutdown$$00000010  c_w.l(libshutdown2.o)
    0x08000208   0x08000208   0x00000000   Code   RO         4545    .ARM.Collect$$rtentry$$00000000  c_w.l(__rtentry.o)
    0x08000208   0x08000208   0x00000000   Code   RO         4575    .ARM.Collect$$rtentry$$00000002  c_w.l(__rtentry2.o)
    0x08000208   0x08000208   0x00000006   Code   RO         4587    .ARM.Collect$$rtentry$$00000004  c_w.l(__rtentry4.o)
    0x0800020e   0x0800020e   0x00000000   Code   RO         4577    .ARM.Collect$$rtentry$$00000009  c_w.l(__rtentry2.o)
    0x0800020e   0x0800020e   0x00000004   Code   RO         4578    .ARM.Collect$$rtentry$$0000000A  c_w.l(__rtentry2.o)
    0x08000212   0x08000212   0x00000000   Code   RO         4580    .ARM.Collect$$rtentry$$0000000C  c_w.l(__rtentry2.o)
    0x08000212   0x08000212   0x00000008   Code   RO         4581    .ARM.Collect$$rtentry$$0000000D  c_w.l(__rtentry2.o)
    0x0800021a   0x0800021a   0x00000002   Code   RO         4613    .ARM.Collect$$rtexit$$00000000  c_w.l(rtexit.o)
    0x0800021c   0x0800021c   0x00000000   Code   RO         4669    .ARM.Collect$$rtexit$$00000002  c_w.l(rtexit2.o)
    0x0800021c   0x0800021c   0x00000004   Code   RO         4670    .ARM.Collect$$rtexit$$00000003  c_w.l(rtexit2.o)
    0x08000220   0x08000220   0x00000006   Code   RO         4671    .ARM.Collect$$rtexit$$00000004  c_w.l(rtexit2.o)
    0x08000226   0x08000226   0x00000002   PAD
    0x08000228   0x08000228   0x00000040   Code   RO            4    .text               startup_stm32f405xx.o
    0x08000268   0x08000268   0x000000ee   Code   RO         4423    .text               c_w.l(lludivv7m.o)
    0x08000356   0x08000356   0x00000064   Code   RO         4425    .text               c_w.l(rt_memcpy_w.o)
    0x080003ba   0x080003ba   0x0000004e   Code   RO         4427    .text               c_w.l(rt_memclr_w.o)
    0x08000408   0x08000408   0x00000006   Code   RO         4429    .text               c_w.l(heapauxi.o)
    0x0800040e   0x0800040e   0x00000016   Code   RO         4550    .text               c_w.l(_rserrno.o)
    0x08000424   0x08000424   0x00000008   Code   RO         4594    .text               c_w.l(rt_errno_addr_intlibspace.o)
    0x0800042c   0x0800042c   0x00000008   Code   RO         4596    .text               c_w.l(libspace.o)
    0x08000434   0x08000434   0x0000004a   Code   RO         4599    .text               c_w.l(sys_stackheap_outer.o)
    0x0800047e   0x0800047e   0x00000012   Code   RO         4601    .text               c_w.l(exit.o)
    0x08000490   0x08000490   0x0000000c   Code   RO         4666    .text               c_w.l(sys_exit.o)
    0x0800049c   0x0800049c   0x00000002   Code   RO         4685    .text               c_w.l(use_no_semi.o)
    0x0800049e   0x0800049e   0x00000000   Code   RO         4687    .text               c_w.l(indicate_semi.o)
    0x0800049e   0x0800049e   0x00000002   Code   RO         1319    i.BusFault_Handler  stm32f4xx_it.o
    0x080004a0   0x080004a0   0x0000000c   Code   RO         1320    i.DMA2_Stream0_IRQHandler  stm32f4xx_it.o
    0x080004ac   0x080004ac   0x0000000c   Code   RO         1321    i.DMA2_Stream3_IRQHandler  stm32f4xx_it.o
    0x080004b8   0x080004b8   0x00000028   Code   RO         2400    i.DMA_CalcBaseAndBitshift  stm32f4xx_hal_dma.o
    0x080004e0   0x080004e0   0x00000054   Code   RO         2401    i.DMA_CheckFifoParam  stm32f4xx_hal_dma.o
    0x08000534   0x08000534   0x00000028   Code   RO         2402    i.DMA_SetConfig     stm32f4xx_hal_dma.o
    0x0800055c   0x0800055c   0x00000002   Code   RO         1322    i.DebugMon_Handler  stm32f4xx_it.o
    0x0800055e   0x0800055e   0x0000005a   Code   RO           10    i.DigitalBiquadFilter_apply  lowpassfilter.o
    0x080005b8   0x080005b8   0x000000f4   Code   RO           11    i.DigitalBiquadFilter_compute_params  lowpassfilter.o
    0x080006ac   0x080006ac   0x0000018c   Code   RO         1031    i.EKF_ApplyZUPT     ekf.o
    0x08000838   0x08000838   0x00000270   Code   RO         1032    i.EKF_FuseAccel     ekf.o
    0x08000aa8   0x08000aa8   0x000002f4   Code   RO         1033    i.EKF_FuseMag       ekf.o
    0x08000d9c   0x08000d9c   0x000000b4   Code   RO         1034    i.EKF_GetEuler      ekf.o
    0x08000e50   0x08000e50   0x000000e0   Code   RO         1037    i.EKF_Init          ekf.o
    0x08000f30   0x08000f30   0x0000033c   Code   RO         1039    i.EKF_Predict       ekf.o
    0x0800126c   0x0800126c   0x000003d0   Code   RO         1040    i.EKF_PredictVelocity  ekf.o
    0x0800163c   0x0800163c   0x00000004   Code   RO         1214    i.Error_Handler     main.o
    0x08001640   0x08001640   0x00000024   Code   RO         2404    i.HAL_DMA_Abort_IT  stm32f4xx_hal_dma.o
    0x08001664   0x08001664   0x00000006   Code   RO         2407    i.HAL_DMA_GetState  stm32f4xx_hal_dma.o
    0x0800166a   0x0800166a   0x00000002   PAD
    0x0800166c   0x0800166c   0x000001a0   Code   RO         2408    i.HAL_DMA_IRQHandler  stm32f4xx_hal_dma.o
    0x0800180c   0x0800180c   0x000000d4   Code   RO         2409    i.HAL_DMA_Init      stm32f4xx_hal_dma.o
    0x080018e0   0x080018e0   0x0000006e   Code   RO         2413    i.HAL_DMA_Start_IT  stm32f4xx_hal_dma.o
    0x0800194e   0x0800194e   0x00000002   PAD
    0x08001950   0x08001950   0x00000024   Code   RO         2840    i.HAL_Delay         stm32f4xx_hal.o
    0x08001974   0x08001974   0x000001f0   Code   RO         2296    i.HAL_GPIO_Init     stm32f4xx_hal_gpio.o
    0x08001b64   0x08001b64   0x0000000a   Code   RO         2300    i.HAL_GPIO_WritePin  stm32f4xx_hal_gpio.o
    0x08001b6e   0x08001b6e   0x00000002   PAD
    0x08001b70   0x08001b70   0x0000000c   Code   RO         2846    i.HAL_GetTick       stm32f4xx_hal.o
    0x08001b7c   0x08001b7c   0x00000002   Code   RO         1486    i.HAL_I2C_AbortCpltCallback  stm32f4xx_hal_i2c.o
    0x08001b7e   0x08001b7e   0x00000002   Code   RO         1487    i.HAL_I2C_AddrCallback  stm32f4xx_hal_i2c.o
    0x08001b80   0x08001b80   0x000000ba   Code   RO         1490    i.HAL_I2C_ER_IRQHandler  stm32f4xx_hal_i2c.o
    0x08001c3a   0x08001c3a   0x00000230   Code   RO         1491    i.HAL_I2C_EV_IRQHandler  stm32f4xx_hal_i2c.o
    0x08001e6a   0x08001e6a   0x00000002   Code   RO         1493    i.HAL_I2C_ErrorCallback  stm32f4xx_hal_i2c.o
    0x08001e6c   0x08001e6c   0x00000188   Code   RO         1497    i.HAL_I2C_Init      stm32f4xx_hal_i2c.o
    0x08001ff4   0x08001ff4   0x00000002   Code   RO         1499    i.HAL_I2C_ListenCpltCallback  stm32f4xx_hal_i2c.o
    0x08001ff6   0x08001ff6   0x00000002   Code   RO         1500    i.HAL_I2C_MasterRxCpltCallback  stm32f4xx_hal_i2c.o
    0x08001ff8   0x08001ff8   0x00000002   Code   RO         1501    i.HAL_I2C_MasterTxCpltCallback  stm32f4xx_hal_i2c.o
    0x08001ffa   0x08001ffa   0x00000002   Code   RO         1513    i.HAL_I2C_MemRxCpltCallback  stm32f4xx_hal_i2c.o
    0x08001ffc   0x08001ffc   0x00000002   Code   RO         1514    i.HAL_I2C_MemTxCpltCallback  stm32f4xx_hal_i2c.o
    0x08001ffe   0x08001ffe   0x00000002   PAD
    0x08002000   0x08002000   0x00000204   Code   RO         1515    i.HAL_I2C_Mem_Read  stm32f4xx_hal_i2c.o
    0x08002204   0x08002204   0x00000130   Code   RO         1518    i.HAL_I2C_Mem_Write  stm32f4xx_hal_i2c.o
    0x08002334   0x08002334   0x00000088   Code   RO         1426    i.HAL_I2C_MspInit   stm32f4xx_hal_msp.o
    0x080023bc   0x080023bc   0x00000002   Code   RO         1523    i.HAL_I2C_SlaveRxCpltCallback  stm32f4xx_hal_i2c.o
    0x080023be   0x080023be   0x00000002   Code   RO         1524    i.HAL_I2C_SlaveTxCpltCallback  stm32f4xx_hal_i2c.o
    0x080023c0   0x080023c0   0x00000010   Code   RO         2852    i.HAL_IncTick       stm32f4xx_hal.o
    0x080023d0   0x080023d0   0x00000034   Code   RO         2853    i.HAL_Init          stm32f4xx_hal.o
    0x08002404   0x08002404   0x00000040   Code   RO         2854    i.HAL_InitTick      stm32f4xx_hal.o
    0x08002444   0x08002444   0x00000030   Code   RO         1427    i.HAL_MspInit       stm32f4xx_hal_msp.o
    0x08002474   0x08002474   0x0000001a   Code   RO         2688    i.HAL_NVIC_EnableIRQ  stm32f4xx_hal_cortex.o
    0x0800248e   0x0800248e   0x00000002   PAD
    0x08002490   0x08002490   0x00000040   Code   RO         2694    i.HAL_NVIC_SetPriority  stm32f4xx_hal_cortex.o
    0x080024d0   0x080024d0   0x00000024   Code   RO         2695    i.HAL_NVIC_SetPriorityGrouping  stm32f4xx_hal_cortex.o
    0x080024f4   0x080024f4   0x00000134   Code   RO         1942    i.HAL_RCC_ClockConfig  stm32f4xx_hal_rcc.o
    0x08002628   0x08002628   0x00000020   Code   RO         1949    i.HAL_RCC_GetPCLK1Freq  stm32f4xx_hal_rcc.o
    0x08002648   0x08002648   0x00000064   Code   RO         1951    i.HAL_RCC_GetSysClockFreq  stm32f4xx_hal_rcc.o
    0x080026ac   0x080026ac   0x0000036c   Code   RO         1954    i.HAL_RCC_OscConfig  stm32f4xx_hal_rcc.o
    0x08002a18   0x08002a18   0x00000002   Code   RO         3098    i.HAL_SPI_ErrorCallback  stm32f4xx_hal_spi.o
    0x08002a1a   0x08002a1a   0x00000002   PAD
    0x08002a1c   0x08002a1c   0x000000fc   Code   RO         3101    i.HAL_SPI_IRQHandler  stm32f4xx_hal_spi.o
    0x08002b18   0x08002b18   0x000000bc   Code   RO         3102    i.HAL_SPI_Init      stm32f4xx_hal_spi.o
    0x08002bd4   0x08002bd4   0x000000e8   Code   RO         1429    i.HAL_SPI_MspInit   stm32f4xx_hal_msp.o
    0x08002cbc   0x08002cbc   0x00000002   Code   RO         3108    i.HAL_SPI_RxCpltCallback  stm32f4xx_hal_spi.o
    0x08002cbe   0x08002cbe   0x00000002   Code   RO         3109    i.HAL_SPI_RxHalfCpltCallback  stm32f4xx_hal_spi.o
    0x08002cc0   0x08002cc0   0x00000166   Code   RO         3110    i.HAL_SPI_Transmit  stm32f4xx_hal_spi.o
    0x08002e26   0x08002e26   0x000001f0   Code   RO         3111    i.HAL_SPI_TransmitReceive  stm32f4xx_hal_spi.o
    0x08003016   0x08003016   0x00000002   PAD
    0x08003018   0x08003018   0x00000110   Code   RO         3112    i.HAL_SPI_TransmitReceive_DMA  stm32f4xx_hal_spi.o
    0x08003128   0x08003128   0x00000030   Code   RO         1215    i.HAL_SPI_TxRxCpltCallback  main.o
    0x08003158   0x08003158   0x00000002   Code   RO         3119    i.HAL_SPI_TxRxHalfCpltCallback  stm32f4xx_hal_spi.o
    0x0800315a   0x0800315a   0x00000028   Code   RO         2699    i.HAL_SYSTICK_Config  stm32f4xx_hal_cortex.o
    0x08003182   0x08003182   0x00000002   PAD
    0x08003184   0x08003184   0x00000090   Code   RO         4138    i.HAL_TIMEx_MasterConfigSynchronization  stm32f4xx_hal_tim_ex.o
    0x08003214   0x08003214   0x0000005a   Code   RO         3415    i.HAL_TIM_Base_Init  stm32f4xx_hal_tim.o
    0x0800326e   0x0800326e   0x00000002   PAD
    0x08003270   0x08003270   0x00000028   Code   RO         1431    i.HAL_TIM_Base_MspInit  stm32f4xx_hal_msp.o
    0x08003298   0x08003298   0x00000078   Code   RO         3418    i.HAL_TIM_Base_Start  stm32f4xx_hal_tim.o
    0x08003310   0x08003310   0x000000dc   Code   RO         3424    i.HAL_TIM_ConfigClockSource  stm32f4xx_hal_tim.o
    0x080033ec   0x080033ec   0x00000002   Code   RO         1323    i.HardFault_Handler  stm32f4xx_it.o
    0x080033ee   0x080033ee   0x00000002   PAD
    0x080033f0   0x080033f0   0x0000000c   Code   RO         1324    i.I2C1_ER_IRQHandler  stm32f4xx_it.o
    0x080033fc   0x080033fc   0x0000000c   Code   RO         1325    i.I2C1_EV_IRQHandler  stm32f4xx_it.o
    0x08003408   0x08003408   0x000000bc   Code   RO         1535    i.I2C_DMAAbort      stm32f4xx_hal_i2c.o
    0x080034c4   0x080034c4   0x00000010   Code   RO         1538    i.I2C_Flush_DR      stm32f4xx_hal_i2c.o
    0x080034d4   0x080034d4   0x00000158   Code   RO         1539    i.I2C_ITError       stm32f4xx_hal_i2c.o
    0x0800362c   0x0800362c   0x0000002e   Code   RO         1540    i.I2C_IsAcknowledgeFailed  stm32f4xx_hal_i2c.o
    0x0800365a   0x0800365a   0x000000da   Code   RO         1541    i.I2C_MasterReceive_BTF  stm32f4xx_hal_i2c.o
    0x08003734   0x08003734   0x000000f4   Code   RO         1542    i.I2C_MasterReceive_RXNE  stm32f4xx_hal_i2c.o
    0x08003828   0x08003828   0x00000082   Code   RO         1545    i.I2C_MasterTransmit_BTF  stm32f4xx_hal_i2c.o
    0x080038aa   0x080038aa   0x00000002   PAD
    0x080038ac   0x080038ac   0x000000b6   Code   RO         1546    i.I2C_MasterTransmit_TXE  stm32f4xx_hal_i2c.o
    0x08003962   0x08003962   0x00000002   PAD
    0x08003964   0x08003964   0x00000118   Code   RO         1547    i.I2C_Master_ADDR   stm32f4xx_hal_i2c.o
    0x08003a7c   0x08003a7c   0x0000008c   Code   RO         1548    i.I2C_Master_SB     stm32f4xx_hal_i2c.o
    0x08003b08   0x08003b08   0x000000a8   Code   RO         1549    i.I2C_MemoryTransmit_TXE_BTF  stm32f4xx_hal_i2c.o
    0x08003bb0   0x08003bb0   0x000000fc   Code   RO         1550    i.I2C_RequestMemoryRead  stm32f4xx_hal_i2c.o
    0x08003cac   0x08003cac   0x000000a8   Code   RO         1551    i.I2C_RequestMemoryWrite  stm32f4xx_hal_i2c.o
    0x08003d54   0x08003d54   0x00000046   Code   RO         1552    i.I2C_Slave_ADDR    stm32f4xx_hal_i2c.o
    0x08003d9a   0x08003d9a   0x00000002   PAD
    0x08003d9c   0x08003d9c   0x00000090   Code   RO         1553    i.I2C_Slave_AF      stm32f4xx_hal_i2c.o
    0x08003e2c   0x08003e2c   0x0000015c   Code   RO         1554    i.I2C_Slave_STOPF   stm32f4xx_hal_i2c.o
    0x08003f88   0x08003f88   0x00000056   Code   RO         1555    i.I2C_WaitOnBTFFlagUntilTimeout  stm32f4xx_hal_i2c.o
    0x08003fde   0x08003fde   0x00000002   PAD
    0x08003fe0   0x08003fe0   0x00000090   Code   RO         1556    i.I2C_WaitOnFlagUntilTimeout  stm32f4xx_hal_i2c.o
    0x08004070   0x08004070   0x000000bc   Code   RO         1557    i.I2C_WaitOnMasterAddressFlagUntilTimeout  stm32f4xx_hal_i2c.o
    0x0800412c   0x0800412c   0x00000070   Code   RO         1558    i.I2C_WaitOnRXNEFlagUntilTimeout  stm32f4xx_hal_i2c.o
    0x0800419c   0x0800419c   0x00000056   Code   RO         1559    i.I2C_WaitOnTXEFlagUntilTimeout  stm32f4xx_hal_i2c.o
    0x080041f2   0x080041f2   0x00000002   PAD
    0x080041f4   0x080041f4   0x00000084   Code   RO         1042    i.InnovationCheck   ekf.o
    0x08004278   0x08004278   0x00000008   Code   RO           14    i.LowPassFilter2pFloat_apply  lowpassfilter.o
    0x08004280   0x08004280   0x0000001c   Code   RO           15    i.LowPassFilter2pFloat_init  lowpassfilter.o
    0x0800429c   0x0800429c   0x000000dc   Code   RO          820    i.MPU6000_Calibrate  mpu6000.o
    0x08004378   0x08004378   0x00000070   Code   RO          821    i.MPU6000_Init      mpu6000.o
    0x080043e8   0x080043e8   0x000000d4   Code   RO          822    i.MPU6000_Process   mpu6000.o
    0x080044bc   0x080044bc   0x00000118   Code   RO          823    i.MPU6000_Process_DMA  mpu6000.o
    0x080045d4   0x080045d4   0x00000044   Code   RO          824    i.MPU6000_Read      mpu6000.o
    0x08004618   0x08004618   0x00000050   Code   RO          825    i.MPU6000_Read_Blocking  mpu6000.o
    0x08004668   0x08004668   0x00000050   Code   RO          826    i.MPU6000_Start_DMA  mpu6000.o
    0x080046b8   0x080046b8   0x0000003c   Code   RO          827    i.MPU6000_Write     mpu6000.o
    0x080046f4   0x080046f4   0x0000006c   Code   RO         1216    i.MX_GPIO_Init      main.o
    0x08004760   0x08004760   0x00000040   Code   RO         1217    i.MX_SPI1_Init      main.o
    0x080047a0   0x080047a0   0x00000064   Code   RO         1218    i.MX_TIM5_Init      main.o
    0x08004804   0x08004804   0x0000002c   Code   RO         1043    i.MatAdd            ekf.o
    0x08004830   0x08004830   0x00000078   Code   RO         1044    i.MatMul            ekf.o
    0x080048a8   0x080048a8   0x0000007c   Code   RO         1045    i.MatMulTransB      ekf.o
    0x08004924   0x08004924   0x0000002c   Code   RO         1046    i.MatSub            ekf.o
    0x08004950   0x08004950   0x00000068   Code   RO           83    i.Matrix3f_create_from_elements  matrix3.o
    0x080049b8   0x080049b8   0x0000004a   Code   RO           84    i.Matrix3f_det      matrix3.o
    0x08004a02   0x08004a02   0x00000146   Code   RO           90    i.Matrix3f_inverse  matrix3.o
    0x08004b48   0x08004b48   0x00000002   Code   RO         1326    i.MemManage_Handler  stm32f4xx_it.o
    0x08004b4a   0x08004b4a   0x00000002   Code   RO         1327    i.NMI_Handler       stm32f4xx_it.o
    0x08004b4c   0x08004b4c   0x00000088   Code   RO         1047    i.NormalizeQuaternion  ekf.o
    0x08004bd4   0x08004bd4   0x0000006c   Code   RO          982    i.NotchFilter_apply  notchfilter.o
    0x08004c40   0x08004c40   0x00000094   Code   RO          983    i.NotchFilter_calculate_A_and_Q  notchfilter.o
    0x08004cd4   0x08004cd4   0x00000068   Code   RO          985    i.NotchFilter_init  notchfilter.o
    0x08004d3c   0x08004d3c   0x00000140   Code   RO          986    i.NotchFilter_init_with_A_and_Q  notchfilter.o
    0x08004e7c   0x08004e7c   0x00000002   Code   RO         1328    i.PendSV_Handler    stm32f4xx_it.o
    0x08004e7e   0x08004e7e   0x0000008e   Code   RO         1170    i.QMC5883L_Init     qmc5883l.o
    0x08004f0c   0x08004f0c   0x00000074   Code   RO         1171    i.QMC5883L_ReadMag  qmc5883l.o
    0x08004f80   0x08004f80   0x0000000c   Code   RO         1329    i.SPI1_IRQHandler   stm32f4xx_it.o
    0x08004f8c   0x08004f8c   0x00000010   Code   RO         3129    i.SPI_DMAAbortOnError  stm32f4xx_hal_spi.o
    0x08004f9c   0x08004f9c   0x00000022   Code   RO         3130    i.SPI_DMAError      stm32f4xx_hal_spi.o
    0x08004fbe   0x08004fbe   0x0000000a   Code   RO         3131    i.SPI_DMAHalfReceiveCplt  stm32f4xx_hal_spi.o
    0x08004fc8   0x08004fc8   0x0000000a   Code   RO         3133    i.SPI_DMAHalfTransmitReceiveCplt  stm32f4xx_hal_spi.o
    0x08004fd2   0x08004fd2   0x0000006a   Code   RO         3134    i.SPI_DMAReceiveCplt  stm32f4xx_hal_spi.o
    0x0800503c   0x0800503c   0x0000005a   Code   RO         3137    i.SPI_DMATransmitReceiveCplt  stm32f4xx_hal_spi.o
    0x08005096   0x08005096   0x0000005c   Code   RO         3139    i.SPI_EndRxTransaction  stm32f4xx_hal_spi.o
    0x080050f2   0x080050f2   0x00000002   PAD
    0x080050f4   0x080050f4   0x0000006c   Code   RO         3140    i.SPI_EndRxTxTransaction  stm32f4xx_hal_spi.o
    0x08005160   0x08005160   0x000000bc   Code   RO         3145    i.SPI_WaitFlagStateUntilTimeout  stm32f4xx_hal_spi.o
    0x0800521c   0x0800521c   0x00000002   Code   RO         1330    i.SVC_Handler       stm32f4xx_it.o
    0x0800521e   0x0800521e   0x00000004   Code   RO         1331    i.SysTick_Handler   stm32f4xx_it.o
    0x08005222   0x08005222   0x00000002   PAD
    0x08005224   0x08005224   0x00000094   Code   RO         1219    i.SystemClock_Config  main.o
    0x080052b8   0x080052b8   0x00000010   Code   RO         4387    i.SystemInit        system_stm32f4xx.o
    0x080052c8   0x080052c8   0x000000d0   Code   RO         3508    i.TIM_Base_SetConfig  stm32f4xx_hal_tim.o
    0x08005398   0x08005398   0x00000014   Code   RO         3519    i.TIM_ETR_SetConfig  stm32f4xx_hal_tim.o
    0x080053ac   0x080053ac   0x00000010   Code   RO         3520    i.TIM_ITRx_SetConfig  stm32f4xx_hal_tim.o
    0x080053bc   0x080053bc   0x00000022   Code   RO         3526    i.TIM_TI1_ConfigInputStage  stm32f4xx_hal_tim.o
    0x080053de   0x080053de   0x00000024   Code   RO         3528    i.TIM_TI2_ConfigInputStage  stm32f4xx_hal_tim.o
    0x08005402   0x08005402   0x00000002   Code   RO         1332    i.UsageFault_Handler  stm32f4xx_it.o
    0x08005404   0x08005404   0x00000002   Code   RO          533    i.Vector3f_create   vector3.o
    0x08005406   0x08005406   0x00000026   Code   RO         4555    i.__ARM_fpclassifyf  m_wm.l(fpclassifyf.o)
    0x0800542c   0x0800542c   0x0000000c   Code   RO         1048    i.__ARM_isnanf      ekf.o
    0x08005438   0x08005438   0x00000020   Code   RO         2701    i.__NVIC_SetPriority  stm32f4xx_hal_cortex.o
    0x08005458   0x08005458   0x0000012c   Code   RO         4445    i.__hardfp_asinf    m_wm.l(asinf.o)
    0x08005584   0x08005584   0x00000250   Code   RO         4457    i.__hardfp_atan2f   m_wm.l(atan2f.o)
    0x080057d4   0x080057d4   0x00000150   Code   RO         4469    i.__hardfp_cosf     m_wm.l(cosf.o)
    0x08005924   0x08005924   0x00000164   Code   RO         4481    i.__hardfp_log2f    m_wm.l(log2f.o)
    0x08005a88   0x08005a88   0x00000664   Code   RO         4495    i.__hardfp_powf     m_wm.l(powf.o)
    0x080060ec   0x080060ec   0x00000190   Code   RO         4509    i.__hardfp_sinf     m_wm.l(sinf.o)
    0x0800627c   0x0800627c   0x0000003a   Code   RO         4521    i.__hardfp_sqrtf    m_wm.l(sqrtf.o)
    0x080062b6   0x080062b6   0x00000002   PAD
    0x080062b8   0x080062b8   0x0000017c   Code   RO         4533    i.__hardfp_tanf     m_wm.l(tanf.o)
    0x08006434   0x08006434   0x00000014   Code   RO         4557    i.__mathlib_flt_divzero  m_wm.l(funder.o)
    0x08006448   0x08006448   0x00000006   Code   RO         4558    i.__mathlib_flt_infnan  m_wm.l(funder.o)
    0x0800644e   0x0800644e   0x00000006   Code   RO         4559    i.__mathlib_flt_infnan2  m_wm.l(funder.o)
    0x08006454   0x08006454   0x00000010   Code   RO         4560    i.__mathlib_flt_invalid  m_wm.l(funder.o)
    0x08006464   0x08006464   0x00000010   Code   RO         4561    i.__mathlib_flt_overflow  m_wm.l(funder.o)
    0x08006474   0x08006474   0x00000010   Code   RO         4563    i.__mathlib_flt_underflow  m_wm.l(funder.o)
    0x08006484   0x08006484   0x00000154   Code   RO         4571    i.__mathlib_rredf2  m_wm.l(rredf.o)
    0x080065d8   0x080065d8   0x00000086   Code   RO         1049    i.get_q_dot         ekf.o
    0x0800665e   0x0800665e   0x00000002   PAD
    0x08006660   0x08006660   0x000003e8   Code   RO         1220    i.main              main.o
    0x08006a48   0x08006a48   0x0000000c   Code   RO         1221    i.micros            main.o
    0x08006a54   0x08006a54   0x0000003e   Code   RO         4523    i.sqrtf             m_wm.l(sqrtf.o)
    0x08006a92   0x08006a92   0x0000000a   Code   RO         4681    x$fpl$fpinit        fz_wm.l(fpinit.o)
    0x08006a9c   0x08006a9c   0x00000000   Code   RO         4554    x$fpl$usenofp       fz_wm.l(usenofp.o)
    0x08006a9c   0x08006a9c   0x00000008   Data   RO         2415    .constdata          stm32f4xx_hal_dma.o
    0x08006aa4   0x08006aa4   0x00000010   Data   RO         4388    .constdata          system_stm32f4xx.o
    0x08006ab4   0x08006ab4   0x00000008   Data   RO         4389    .constdata          system_stm32f4xx.o
    0x08006abc   0x08006abc   0x00000040   Data   RO         4484    .constdata          m_wm.l(log2f.o)
    0x08006afc   0x08006afc   0x00000140   Data   RO         4498    .constdata          m_wm.l(powf.o)
    0x08006c3c   0x08006c3c   0x00000020   Data   RO         4572    .constdata          m_wm.l(rredf.o)
    0x08006c5c   0x08006c5c   0x00000020   Data   RO         4737    Region$$Table       anon$$obj.o


    Execution Region RW_IRAM1 (Exec base: 0x20000000, Load base: 0x08006c7c, Size: 0x000011d0, Max: 0x0001c000, ABSOLUTE)

    Exec Addr    Load Addr    Size         Type   Attr      Idx    E Section Name        Object

    0x20000000   0x08006c7c   0x0000000c   Data   RW         1050    .data               ekf.o
    0x2000000c   0x08006c88   0x00000058   Data   RW         1230    .data               main.o
    0x20000064   0x08006ce0   0x0000000c   Data   RW         2860    .data               stm32f4xx_hal.o
    0x20000070   0x08006cec   0x00000004   Data   RW         4390    .data               system_stm32f4xx.o
    0x20000074        -       0x00000a3c   Zero   RW         1222    .bss                main.o
    0x20000ab0        -       0x00000060   Zero   RW         1223    .bss                main.o
    0x20000b10        -       0x00000060   Zero   RW         1224    .bss                main.o
    0x20000b70        -       0x00000060   Zero   RW         4597    .bss                c_w.l(libspace.o)
    0x20000bd0        -       0x00000200   Zero   RW            2    HEAP                startup_stm32f405xx.o
    0x20000dd0        -       0x00000400   Zero   RW            1    STACK               startup_stm32f405xx.o


    Execution Region RW_IRAM2 (Exec base: 0x2001c000, Load base: 0x08006cf0, Size: 0x00000000, Max: 0x00004000, ABSOLUTE)

    **** No section assigned to this execution region ****


==============================================================================

Image component sizes


      Code (inc. data)   RO Data    RW Data    ZI Data      Debug   Object Name

      4730        116          0         12          0      24481   ekf.o
       370         22          0          0          0       8701   lowpassfilter.o
      1484        128          0         88       2812      14428   main.o
       504          0          0          0          0       4345   matrix3.o
      1112         82          0          0          0     650810   mpu6000.o
       680         16          0          0          0       5335   notchfilter.o
       258          6          0          0          0       2959   qmc5883l.o
        64         26        392          0       1536        824   startup_stm32f405xx.o
       180         28          0         12          0       9261   stm32f4xx_hal.o
       198         14          0          0          0      33711   stm32f4xx_hal_cortex.o
       944         16          8          0          0       6889   stm32f4xx_hal_dma.o
       506         46          0          0          0       2140   stm32f4xx_hal_gpio.o
      5532         92          0          0          0      32860   stm32f4xx_hal_i2c.o
       456         52          0          0          0       3017   stm32f4xx_hal_msp.o
      1316         64          0          0          0       4573   stm32f4xx_hal_rcc.o
      2228         42          0          0          0      14988   stm32f4xx_hal_spi.o
       744         74          0          0          0       6876   stm32f4xx_hal_tim.o
       144         28          0          0          0       1340   stm32f4xx_hal_tim_ex.o
        80         30          0          0          0       6286   stm32f4xx_it.o
        16          4         24          4          0       1075   system_stm32f4xx.o
         2          0          0          0          0       1010   vector3.o

    ----------------------------------------------------------------------
     21584        886        456        116       4348     835909   Object Totals
         0          0         32          0          0          0   (incl. Generated)
        36          0          0          0          0          0   (incl. Padding)

    ----------------------------------------------------------------------

      Code (inc. data)   RO Data    RW Data    ZI Data      Debug   Library Member Name

         8          0          0          0          0         68   __main.o
         0          0          0          0          0          0   __rtentry.o
        12          0          0          0          0          0   __rtentry2.o
         6          0          0          0          0          0   __rtentry4.o
        52          8          0          0          0          0   __scatter.o
        26          0          0          0          0          0   __scatter_copy.o
        28          0          0          0          0          0   __scatter_zi.o
        22          0          0          0          0        100   _rserrno.o
        18          0          0          0          0         80   exit.o
         6          0          0          0          0        152   heapauxi.o
         0          0          0          0          0          0   indicate_semi.o
         2          0          0          0          0          0   libinit.o
         6          0          0          0          0          0   libinit2.o
         2          0          0          0          0          0   libshutdown.o
         2          0          0          0          0          0   libshutdown2.o
         8          4          0          0         96         68   libspace.o
       238          0          0          0          0        100   lludivv7m.o
         8          4          0          0          0         68   rt_errno_addr_intlibspace.o
        78          0          0          0          0         80   rt_memclr_w.o
       100          0          0          0          0         80   rt_memcpy_w.o
         2          0          0          0          0          0   rtexit.o
        10          0          0          0          0          0   rtexit2.o
        12          4          0          0          0         68   sys_exit.o
        74          0          0          0          0         80   sys_stackheap_outer.o
         2          0          0          0          0         68   use_no_semi.o
        10          0          0          0          0        116   fpinit.o
         0          0          0          0          0          0   usenofp.o
       300         42          0          0          0        176   asinf.o
       592         90          0          0          0        184   atan2f.o
       336         56          0          0          0        136   cosf.o
        38          0          0          0          0        116   fpclassifyf.o
        80         24          0          0          0        696   funder.o
       356         44         64          0          0        140   log2f.o
      1636        110        320          0          0        372   powf.o
       340         24         32          0          0        160   rredf.o
       400         56          0          0          0        212   sinf.o
       120          0          0          0          0        272   sqrtf.o
       380         58          0          0          0        200   tanf.o

    ----------------------------------------------------------------------
      5316        524        416          0         96       3792   Library Totals
         6          0          0          0          0          0   (incl. Padding)

    ----------------------------------------------------------------------

      Code (inc. data)   RO Data    RW Data    ZI Data      Debug   Library Name

       722         20          0          0         96       1012   c_w.l
        10          0          0          0          0        116   fz_wm.l
      4578        504        416          0          0       2664   m_wm.l

    ----------------------------------------------------------------------
      5316        524        416          0         96       3792   Library Totals

    ----------------------------------------------------------------------

==============================================================================


      Code (inc. data)   RO Data    RW Data    ZI Data      Debug   

     26900       1410        872        116       4444     823885   Grand Totals
     26900       1410        872        116       4444     823885   ELF Image Totals
     26900       1410        872        116          0          0   ROM Totals

==============================================================================

    Total RO  Size (Code + RO Data)                27772 (  27.12kB)
    Total RW  Size (RW Data + ZI Data)              4560 (   4.45kB)
    Total ROM Size (Code + RO Data + RW Data)      27888 (  27.23kB)

==============================================================================

