<html>
<body>
<pre>
<h1>µVision Build Log</h1>
<h2>Tool Versions:</h2>
IDE-Version: µVision V5.31.0.0
Copyright (C) 2020 ARM Ltd and ARM Germany GmbH. All rights reserved.
License Information: Dang Thinh, hust, LIC=TIVNB-22PRF-NNFAF-6Q0WF-NQ067-UY0RT
 
Tool Versions:
Toolchain:       MDK-ARM Plus  Version: 5.31.0.0
Toolchain Path:  C:\Keil_v5\ARM\ARMCC\Bin
C Compiler:      Armcc.exe V5.06 update 6 (build 750)
Assembler:       Armasm.exe V5.06 update 6 (build 750)
Linker/Locator:  ArmLink.exe V5.06 update 6 (build 750)
Library Manager: ArmAr.exe V5.06 update 6 (build 750)
Hex Converter:   FromElf.exe V5.06 update 6 (build 750)
CPU DLL:         SARMCM3.DLL V5.31.0.0
Dialog DLL:      DCM.DLL V1.17.3.0
Target DLL:      STLink\ST-LINKIII-KEIL_SWO.dll V3.0.7.0
Dialog DLL:      TCM.DLL V1.46.0.0
 
<h2>Project:</h2>
C:\STM32\F405_AHRS\MDK-ARM\F405_AHRS.uvprojx
Project File Date:  12/23/2025

<h2>Output:</h2>
*** Using Compiler 'V5.06 update 6 (build 750)', folder: 'C:\Keil_v5\ARM\ARMCC\Bin'
Build target 'F405_AHRS'
compiling main.c...
../Core/Src/NotchFilter/NotchFilter.h(57): warning:  #1-D: last line of file ends without a newline
  #endif
../Core/Src/QMC5883L/QMC5883L.h(49): warning:  #1-D: last line of file ends without a newline
  #endif
../Core/Src/Math/rotations.h(65): warning:  #1-D: last line of file ends without a newline
  #endif
../Core/Src/Math/vector2.h(133): warning:  #1-D: last line of file ends without a newline
  #endif
../Core/Src/Math/vector3.h(108): warning:  #1-D: last line of file ends without a newline
  #endif
../Core/Src/Math/matrix3.h(73): warning:  #1-D: last line of file ends without a newline
  #endif
../Core/Src/EKF/EKF.h(123): warning:  #1-D: last line of file ends without a newline
  #endif /* __EKF_H__ */
../Core/Src/main.c: 7 warnings, 0 errors
linking...
Program Size: Code=26900 RO-data=872 RW-data=116 ZI-data=4444  
FromELF: creating hex file...
"F405_AHRS\F405_AHRS.axf" - 0 Error(s), 7 Warning(s).

<h2>Software Packages used:</h2>

Package Vendor: ARM
                http://www.keil.com/pack/ARM.CMSIS.5.9.0.pack
                ARM.CMSIS.5.9.0
                CMSIS (Common Microcontroller Software Interface Standard)
   * Component: CORE Version: 5.6.0

Package Vendor: Keil
                https://www.keil.com/pack/Keil.STM32F4xx_DFP.3.1.1.pack
                Keil.STM32F4xx_DFP.3.1.1
                STMicroelectronics STM32F4 Series Device Support

<h2>Collection of Component include folders:</h2>
  .\RTE\_F405_AHRS
  C:\Users\thinh\AppData\Local\Arm\Packs\ARM\CMSIS\5.9.0\CMSIS\Core\Include

<h2>Collection of Component Files used:</h2>

   * Component: ARM::CMSIS:CORE:5.6.0
      Include file:  CMSIS\Core\Include\tz_context.h
Build Time Elapsed:  00:00:03
</pre>
</body>
</html>
